<html>
<body>
<pre>
<h1>µVision Build Log</h1>
<h2>Tool Versions:</h2>
IDE-Version: ¦ÌVision V5.43.1.0
Copyright (C) 2025 ARM Ltd and ARM Germany GmbH. All rights reserved.
License Information: 1 lenovo, 11, LIC=JL28G-VHSWQ-CX9U6-DNHEL-L62J5-5ZQTP
 
Tool Versions:
Toolchain:       MDK-ARM Plus  Version: 5.43.0.0
Toolchain Path:  D:\keil_core\ARM\ARMCLANG\Bin
C Compiler:      ArmClang.exe V6.24
Assembler:       Armasm.exe V6.24
Linker/Locator:  ArmLink.exe V6.24
Library Manager: ArmAr.exe V6.24
Hex Converter:   FromElf.exe V6.24
CPU DLL:         SARMCM3.DLL V5.43.0.0
Dialog DLL:      DCM.DLL V1.17.5.0
Target DLL:      Segger\JL2CM3.dll V2.99.45.0
Dialog DLL:      TCM.DLL V1.56.6.0
 
<h2>Project:</h2>
D:\Desktop\sincerely\MDK-ARM\sinserely.uvprojx
Project File Date:  04/03/2026

<h2>Output:</h2>
*** Using Compiler 'V6.24', folder: 'D:\keil_core\ARM\ARMCLANG\Bin'
Rebuild target 'sinserely'
compiling freertos.c...
compiling gpio.c...
compiling stm32h7xx_it.c...
compiling fdcan.c...
compiling dma.c...
assembling startup_stm32h723xx.s...
compiling usart.c...
compiling stm32h7xx_hal_msp.c...
compiling adc.c...
compiling spi.c...
compiling cordic.c...
compiling stm32h7xx_hal_timebase_tim.c...
compiling usb_device.c...
compiling usbd_desc.c...
compiling usbd_cdc_if.c...
compiling main.c...
compiling usbd_conf.c...
compiling stm32h7xx_hal_pcd_ex.c...
compiling stm32h7xx_hal_tim_ex.c...
compiling stm32h7xx_hal_pcd.c...
compiling stm32h7xx_hal_flash.c...
compiling stm32h7xx_hal_gpio.c...
compiling stm32h7xx_hal_flash_ex.c...
compiling stm32h7xx_hal_hsem.c...
compiling stm32h7xx_hal_rcc.c...
compiling stm32h7xx_ll_usb.c...
compiling stm32h7xx_hal_pwr.c...
compiling stm32h7xx_hal_rcc_ex.c...
compiling stm32h7xx_hal_dma_ex.c...
compiling stm32h7xx_hal_mdma.c...
compiling stm32h7xx_hal_pwr_ex.c...
compiling stm32h7xx_hal_cortex.c...
compiling stm32h7xx_hal_tim.c...
compiling stm32h7xx_hal_dma.c...
compiling stm32h7xx_hal_i2c_ex.c...
compiling stm32h7xx_hal.c...
compiling stm32h7xx_hal_exti.c...
compiling stm32h7xx_hal_cordic.c...
compiling stm32h7xx_hal_spi_ex.c...
compiling system_stm32h7xx.c...
compiling croutine.c...
compiling stm32h7xx_hal_uart_ex.c...
compiling stm32h7xx_hal_adc_ex.c...
compiling usbd_ioreq.c...
compiling event_groups.c...
compiling stm32h7xx_hal_adc.c...
compiling list.c...
compiling usbd_ctlreq.c...
compiling usbd_core.c...
compiling usbd_cdc.c...
compiling stm32h7xx_hal_spi.c...
compiling stm32h7xx_hal_fdcan.c...
compiling stream_buffer.c...
compiling stm32h7xx_hal_uart.c...
compiling timers.c...
compiling queue.c...
compiling stm32h7xx_hal_i2c.c...
compiling heap_4.c...
compiling port.c...
compiling slope.c...
compiling tasks.c...
compiling pid.c...
compiling RMQueue.c...
compiling Kalman_Filter.c...
compiling cmsis_os2.c...
compiling bsp_pwm.c...
compiling Quaternion.c...
compiling CRC.c...
compiling music.c...
compiling bsp_gpio.c...
compiling bsp_dwt.c...
compiling LPF.c...
compiling bsp_spi.c...
compiling bsp_fdcan.c...
compiling bsp_usart.c...
compiling vofa.c...
compiling remote.c...
compiling DJImotor.c...
compiling can_comm.c...
compiling motor.c...
compiling DMmotor.c...
compiling BMI088driver.c...
compiling MiniPC.c...
compiling Shoot.c...
compiling Gimbal.c...
compiling Gimbal_Cmd.c...
compiling Task_Gimbal.c...
compiling TASK_Init.c...
compiling Task_Data.c...
linking...
Program Size: Code=79148 RO-data=3048 RW-data=1772 ZI-data=55988  
FromELF: creating hex file...
"sinserely\sinserely.axf" - 0 Error(s), 0 Warning(s).

<h2>Software Packages used:</h2>

Package Vendor: ARM
                https://www.keil.com/pack/ARM.CMSIS.6.3.0.pack
                ARM::CMSIS@6.3.0
                CMSIS (Common Microcontroller Software Interface Standard)
   * Component: CORE Version: 6.2.0

Package Vendor: Keil
                https://www.keil.com/pack/Keil.STM32H7xx_DFP.4.1.3.pack
                Keil::STM32H7xx_DFP@4.1.3
                STMicroelectronics STM32H7 Series Device Support

<h2>Collection of Component include folders:</h2>
  ./RTE/_sinserely
  D:/keil_pack/ARM/CMSIS/6.3.0/CMSIS/Core/Include

<h2>Collection of Component Files used:</h2>

   * Component: ARM::CMSIS:CORE@6.2.0
      Include file:  CMSIS/Core/Include/tz_context.h
Build Time Elapsed:  00:00:03
</pre>
</body>
</html>
