Component: Arm Compiler for Embedded 6.24 Tool: armlink [5f371500]

==============================================================================

Section Cross References

    startup_stm32h723xx.o(STACK) refers (Special) to heapauxi.o(.text) for __use_two_region_memory
    startup_stm32h723xx.o(HEAP) refers (Special) to heapauxi.o(.text) for __use_two_region_memory
    startup_stm32h723xx.o(RESET) refers (Special) to heapauxi.o(.text) for __use_two_region_memory
    startup_stm32h723xx.o(RESET) refers to startup_stm32h723xx.o(STACK) for __initial_sp
    startup_stm32h723xx.o(RESET) refers to startup_stm32h723xx.o(.text) for Reset_Handler
    startup_stm32h723xx.o(RESET) refers to stm32h7xx_it.o(.text.NMI_Handler) for NMI_Handler
    startup_stm32h723xx.o(RESET) refers to stm32h7xx_it.o(.text.HardFault_Handler) for HardFault_Handler
    startup_stm32h723xx.o(RESET) refers to stm32h7xx_it.o(.text.MemManage_Handler) for MemManage_Handler
    startup_stm32h723xx.o(RESET) refers to stm32h7xx_it.o(.text.BusFault_Handler) for BusFault_Handler
    startup_stm32h723xx.o(RESET) refers to stm32h7xx_it.o(.text.UsageFault_Handler) for UsageFault_Handler
    startup_stm32h723xx.o(RESET) refers to port.o(.text.SVC_Handler) for SVC_Handler
    startup_stm32h723xx.o(RESET) refers to stm32h7xx_it.o(.text.DebugMon_Handler) for DebugMon_Handler
    startup_stm32h723xx.o(RESET) refers to port.o(.text.PendSV_Handler) for PendSV_Handler
    startup_stm32h723xx.o(RESET) refers to cmsis_os2.o(.text.SysTick_Handler) for SysTick_Handler
    startup_stm32h723xx.o(RESET) refers to stm32h7xx_it.o(.text.DMA1_Stream4_IRQHandler) for DMA1_Stream4_IRQHandler
    startup_stm32h723xx.o(RESET) refers to stm32h7xx_it.o(.text.DMA1_Stream5_IRQHandler) for DMA1_Stream5_IRQHandler
    startup_stm32h723xx.o(RESET) refers to stm32h7xx_it.o(.text.DMA1_Stream6_IRQHandler) for DMA1_Stream6_IRQHandler
    startup_stm32h723xx.o(RESET) refers to stm32h7xx_it.o(.text.FDCAN1_IT0_IRQHandler) for FDCAN1_IT0_IRQHandler
    startup_stm32h723xx.o(RESET) refers to stm32h7xx_it.o(.text.FDCAN2_IT0_IRQHandler) for FDCAN2_IT0_IRQHandler
    startup_stm32h723xx.o(RESET) refers to stm32h7xx_it.o(.text.FDCAN1_IT1_IRQHandler) for FDCAN1_IT1_IRQHandler
    startup_stm32h723xx.o(RESET) refers to stm32h7xx_it.o(.text.FDCAN2_IT1_IRQHandler) for FDCAN2_IT1_IRQHandler
    startup_stm32h723xx.o(RESET) refers to stm32h7xx_it.o(.text.SPI2_IRQHandler) for SPI2_IRQHandler
    startup_stm32h723xx.o(RESET) refers to stm32h7xx_it.o(.text.USART1_IRQHandler) for USART1_IRQHandler
    startup_stm32h723xx.o(RESET) refers to stm32h7xx_it.o(.text.EXTI15_10_IRQHandler) for EXTI15_10_IRQHandler
    startup_stm32h723xx.o(RESET) refers to stm32h7xx_it.o(.text.TIM8_TRG_COM_TIM14_IRQHandler) for TIM8_TRG_COM_TIM14_IRQHandler
    startup_stm32h723xx.o(RESET) refers to stm32h7xx_it.o(.text.DMA1_Stream7_IRQHandler) for DMA1_Stream7_IRQHandler
    startup_stm32h723xx.o(RESET) refers to stm32h7xx_it.o(.text.UART5_IRQHandler) for UART5_IRQHandler
    startup_stm32h723xx.o(RESET) refers to stm32h7xx_it.o(.text.DMA2_Stream0_IRQHandler) for DMA2_Stream0_IRQHandler
    startup_stm32h723xx.o(RESET) refers to stm32h7xx_it.o(.text.DMA2_Stream3_IRQHandler) for DMA2_Stream3_IRQHandler
    startup_stm32h723xx.o(RESET) refers to stm32h7xx_it.o(.text.DMA2_Stream4_IRQHandler) for DMA2_Stream4_IRQHandler
    startup_stm32h723xx.o(RESET) refers to stm32h7xx_it.o(.text.DMA2_Stream5_IRQHandler) for DMA2_Stream5_IRQHandler
    startup_stm32h723xx.o(RESET) refers to stm32h7xx_it.o(.text.OTG_HS_IRQHandler) for OTG_HS_IRQHandler
    startup_stm32h723xx.o(RESET) refers to stm32h7xx_it.o(.text.UART7_IRQHandler) for UART7_IRQHandler
    startup_stm32h723xx.o(RESET) refers to stm32h7xx_it.o(.text.FDCAN3_IT0_IRQHandler) for FDCAN3_IT0_IRQHandler
    startup_stm32h723xx.o(RESET) refers to stm32h7xx_it.o(.text.FDCAN3_IT1_IRQHandler) for FDCAN3_IT1_IRQHandler
    startup_stm32h723xx.o(.text) refers (Special) to heapauxi.o(.text) for __use_two_region_memory
    startup_stm32h723xx.o(.text) refers to system_stm32h7xx.o(.text.ExitRun0Mode) for ExitRun0Mode
    startup_stm32h723xx.o(.text) refers to system_stm32h7xx.o(.text.SystemInit) for SystemInit
    startup_stm32h723xx.o(.text) refers to __main.o(!!!main) for __main
    startup_stm32h723xx.o(.text) refers to startup_stm32h723xx.o(HEAP) for Heap_Mem
    startup_stm32h723xx.o(.text) refers to startup_stm32h723xx.o(STACK) for Stack_Mem
    main.o(.text.main) refers to stm32h7xx_hal.o(.text.HAL_Init) for HAL_Init
    main.o(.text.main) refers to main.o(.text.SystemClock_Config) for SystemClock_Config
    main.o(.text.main) refers to rt_memclr_w.o(.text) for __aeabi_memclr8
    main.o(.text.main) refers to stm32h7xx_hal_rcc_ex.o(.text.HAL_RCCEx_PeriphCLKConfig) for HAL_RCCEx_PeriphCLKConfig
    main.o(.text.main) refers to gpio.o(.text.MX_GPIO_Init) for MX_GPIO_Init
    main.o(.text.main) refers to dma.o(.text.MX_DMA_Init) for MX_DMA_Init
[...]
    0x080017e8   0x080017e8   0x0000004a   Code   RO         3457    .text.DR16_AliveCheck  remote.o
    0x08001832   0x08001832   0x00000006   PAD
    0x08001838   0x08001838   0x00000046   Code   RO         3453    .text.DR16_Init     remote.o
    0x0800187e   0x0800187e   0x00000002   PAD
    0x08001880   0x08001880   0x00000026   Code   RO         3326    .text.DWT_Delay_ms  bsp_dwt.o
    0x080018a6   0x080018a6   0x00000002   PAD
    0x080018a8   0x080018a8   0x00000022   Code   RO         3324    .text.DWT_Delay_us  bsp_dwt.o
    0x080018ca   0x080018ca   0x00000006   PAD
    0x080018d0   0x080018d0   0x00000036   Code   RO         3314    .text.DWT_GetDeltaT  bsp_dwt.o
    0x08001906   0x08001906   0x00000002   PAD
    0x08001908   0x08001908   0x00000044   Code   RO         3320    .text.DWT_GetTime_ms  bsp_dwt.o
    0x0800194c   0x0800194c   0x00000004   PAD
    0x08001950   0x08001950   0x00000080   Code   RO         3310    .text.DWT_Init      bsp_dwt.o
    0x080019d0   0x080019d0   0x00000002   Code   RO          172    .text.DebugMon_Handler  stm32h7xx_it.o
    0x080019d2   0x080019d2   0x00000006   PAD
    0x080019d8   0x080019d8   0x000000f8   Code   RO         3476    .text.DecodeDJIMotor  djimotor.o
    0x08001ad0   0x08001ad0   0x000001bc   Code   RO         3500    .text.DecodeDMMotor  dmmotor.o
    0x08001c8c   0x08001c8c   0x00000004   PAD
    0x08001c90   0x08001c90   0x00000320   Code   RO         3455    .text.DecodeDR16    remote.o
    0x08001fb0   0x08001fb0   0x00000068   Code   RO         3567    .text.DecodeMiniPC  minipc.o
    0x08002018   0x08002018   0x00000016   Code   RO          192    .text.EXTI15_10_IRQHandler  stm32h7xx_it.o
    0x0800202e   0x0800202e   0x00000002   PAD
    0x08002030   0x08002030   0x0000000a   Code   RO           17    .text.Error_Handler  main.o
    0x0800203a   0x0800203a   0x00000006   PAD
    0x08002040   0x08002040   0x0000001a   Code   RO         2428    .text.ExitRun0Mode  system_stm32h7xx.o
    0x0800205a   0x0800205a   0x00000006   PAD
    0x08002060   0x08002060   0x0000000c   Code   RO          180    .text.FDCAN1_IT0_IRQHandler  stm32h7xx_it.o
    0x0800206c   0x0800206c   0x00000004   PAD
    0x08002070   0x08002070   0x0000000c   Code   RO          184    .text.FDCAN1_IT1_IRQHandler  stm32h7xx_it.o
    0x0800207c   0x0800207c   0x00000004   PAD
    0x08002080   0x08002080   0x0000000c   Code   RO          182    .text.FDCAN2_IT0_IRQHandler  stm32h7xx_it.o
    0x0800208c   0x0800208c   0x00000004   PAD
    0x08002090   0x08002090   0x0000000c   Code   RO          186    .text.FDCAN2_IT1_IRQHandler  stm32h7xx_it.o
    0x0800209c   0x0800209c   0x00000004   PAD
    0x080020a0   0x080020a0   0x0000000c   Code   RO          212    .text.FDCAN3_IT0_IRQHandler  stm32h7xx_it.o
    0x080020ac   0x080020ac   0x00000004   PAD
    0x080020b0   0x080020b0   0x0000000c   Code   RO          214    .text.FDCAN3_IT1_IRQHandler  stm32h7xx_it.o
    0x080020bc   0x080020bc   0x00000004   PAD
    0x080020c0   0x080020c0   0x0000007a   Code   RO         1986    .text.FDCAN_CopyMessageToRAM  stm32h7xx_hal_fdcan.o
    0x0800213a   0x0800213a   0x00000006   PAD
    0x08002140   0x08002140   0x00000074   Code   RO         3355    .text.FDCAN_Restart  bsp_fdcan.o
    0x080021b4   0x080021b4   0x00000004   PAD
    0x080021b8   0x080021b8   0x00000068   Code   RO         3201    .text.FeedForward_Calc  pid.o
    0x08002220   0x08002220   0x000000d4   Code   RO         3614    .text.Fric_Wheel_Control  shoot.o
    0x080022f4   0x080022f4   0x00000004   PAD
    0x080022f8   0x080022f8   0x000003d0   Code   RO         3587    .text.Gimbal_Control  gimbal.o
    0x080026c8   0x080026c8   0x000000c0   Code   RO         3585    .text.Gimbal_Init   gimbal.o
    0x08002788   0x08002788   0x00000102   Code   RO         1854    .text.HAL_ADCEx_MultiModeConfigChannel  stm32h7xx_hal_adc_ex.o
    0x0800288a   0x0800288a   0x00000006   PAD
    0x08002890   0x08002890   0x00000626   Code   RO         1788    .text.HAL_ADC_ConfigChannel  stm32h7xx_hal_adc.o
    0x08002eb6   0x08002eb6   0x00000002   PAD
    0x08002eb8   0x08002eb8   0x0000027c   Code   RO         1738    .text.HAL_ADC_Init  stm32h7xx_hal_adc.o
    0x08003134   0x08003134   0x00000004   PAD
    0x08003138   0x08003138   0x000000d6   Code   RO           56    .text.HAL_ADC_MspInit  adc.o
    0x0800320e   0x0800320e   0x00000002   PAD
    0x08003210   0x08003210   0x00000038   Code   RO         1872    .text.HAL_CORDIC_Init  stm32h7xx_hal_cordic.o
    0x08003248   0x08003248   0x00000030   Code   RO           72    .text.HAL_CORDIC_MspInit  cordic.o
    0x08003278   0x08003278   0x000004e0   Code   RO         1145    .text.HAL_DMA_Abort  stm32h7xx_hal_dma.o
    0x08003758   0x08003758   0x00000298   Code   RO         1147    .text.HAL_DMA_Abort_IT  stm32h7xx_hal_dma.o
    0x080039f0   0x080039f0   0x00000004   Code   RO         1159    .text.HAL_DMA_GetError  stm32h7xx_hal_dma.o
    0x080039f4   0x080039f4   0x00000004   PAD
    0x080039f8   0x080039f8   0x00000a7c   Code   RO         1151    .text.HAL_DMA_IRQHandler  stm32h7xx_hal_dma.o
    0x08004474   0x08004474   0x00000004   PAD
    0x08004478   0x08004478   0x00000640   Code   RO         1133    .text.HAL_DMA_Init  stm32h7xx_hal_dma.o
    0x08004ab8   0x08004ab8   0x00000386   Code   RO         1143    .text.HAL_DMA_Start_IT  stm32h7xx_hal_dma.o
    0x08004e3e   0x08004e3e   0x00000002   PAD
    0x08004e40   0x08004e40   0x00000028   Code   RO         1439    .text.HAL_Delay     stm32h7xx_hal.o
    0x08004e68   0x08004e68   0x00000078   Code   RO         2064    .text.HAL_FDCAN_ActivateNotification  stm32h7xx_hal_fdcan.o
    0x08004ee0   0x08004ee0   0x0000006a   Code   RO         1984    .text.HAL_FDCAN_AddMessageToTxFifoQ  stm32h7xx_hal_fdcan.o
    0x08004f4a   0x08004f4a   0x00000006   PAD
    0x08004f50   0x08004f50   0x00000002   Code   RO         2078    .text.HAL_FDCAN_ClockCalibrationCallback  stm32h7xx_hal_fdcan.o
    0x08004f52   0x08004f52   0x00000006   PAD
    0x08004f58   0x08004f58   0x0000005a   Code   RO         1944    .text.HAL_FDCAN_ConfigFifoWatermark  stm32h7xx_hal_fdcan.o
    0x08004fb2   0x08004fb2   0x00000006   PAD
    0x08004fb8   0x08004fb8   0x00000088   Code   RO         1936    .text.HAL_FDCAN_ConfigFilter  stm32h7xx_hal_fdcan.o
    0x08005040   0x08005040   0x00000036   Code   RO         1938    .text.HAL_FDCAN_ConfigGlobalFilter  stm32h7xx_hal_fdcan.o
    0x08005076   0x08005076   0x00000002   PAD
    0x08005078   0x08005078   0x00000040   Code   RO         3357    .text.HAL_FDCAN_ErrorCallback  bsp_fdcan.o
    0x080050b8   0x080050b8   0x00000002   Code   RO         2096    .text.HAL_FDCAN_ErrorStatusCallback  stm32h7xx_hal_fdcan.o
    0x080050ba   0x080050ba   0x00000006   PAD
    0x080050c0   0x080050c0   0x00000012   Code   RO         2010    .text.HAL_FDCAN_GetRxFifoFillLevel  stm32h7xx_hal_fdcan.o
    0x080050d2   0x080050d2   0x00000006   PAD
    0x080050d8   0x080050d8   0x00000188   Code   RO         1996    .text.HAL_FDCAN_GetRxMessage  stm32h7xx_hal_fdcan.o
    0x08005260   0x08005260   0x0000000c   Code   RO         2012    .text.HAL_FDCAN_GetTxFifoFreeLevel  stm32h7xx_hal_fdcan.o
    0x0800526c   0x0800526c   0x00000004   PAD
    0x08005270   0x08005270   0x00000002   Code   RO         2074    .text.HAL_FDCAN_HighPriorityMessageCallback  stm32h7xx_hal_fdcan.o
    0x08005272   0x08005272   0x00000006   PAD
    0x08005278   0x08005278   0x00000326   Code   RO         2072    .text.HAL_FDCAN_IRQHandler  stm32h7xx_hal_fdcan.o
    0x0800559e   0x0800559e   0x00000002   PAD
    0x080055a0   0x080055a0   0x000003c2   Code   RO         1914    .text.HAL_FDCAN_Init  stm32h7xx_hal_fdcan.o
    0x08005962   0x08005962   0x00000006   PAD
    0x08005968   0x08005968   0x000001be   Code   RO          100    .text.HAL_FDCAN_MspInit  fdcan.o
    0x08005b26   0x08005b26   0x00000002   PAD
    0x08005b28   0x08005b28   0x00000002   Code   RO         2090    .text.HAL_FDCAN_RxBufferNewMessageCallback  stm32h7xx_hal_fdcan.o
    0x08005b2a   0x08005b2a   0x00000006   PAD
    0x08005b30   0x08005b30   0x00000006   Code   RO         3351    .text.HAL_FDCAN_RxFifo0Callback  bsp_fdcan.o
    0x08005b36   0x08005b36   0x00000002   PAD
    0x08005b38   0x08005b38   0x00000006   Code   RO         3347    .text.HAL_FDCAN_RxFifo1Callback  bsp_fdcan.o
    0x08005b3e   0x08005b3e   0x00000002   PAD
    0x08005b40   0x08005b40   0x00000032   Code   RO         1982    .text.HAL_FDCAN_Start  stm32h7xx_hal_fdcan.o
    0x08005b72   0x08005b72   0x00000006   PAD
    0x08005b78   0x08005b78   0x00000080   Code   RO         1920    .text.HAL_FDCAN_Stop  stm32h7xx_hal_fdcan.o
    0x08005bf8   0x08005bf8   0x00000002   Code   RO         2104    .text.HAL_FDCAN_TT_GlobalTimeCallback  stm32h7xx_hal_fdcan.o
    0x08005bfa   0x08005bfa   0x00000006   PAD
    0x08005c00   0x08005c00   0x00000002   Code   RO         2098    .text.HAL_FDCAN_TT_ScheduleSyncCallback  stm32h7xx_hal_fdcan.o
    0x08005c02   0x08005c02   0x00000006   PAD
    0x08005c08   0x08005c08   0x00000002   Code   RO         2102    .text.HAL_FDCAN_TT_StopWatchCallback  stm32h7xx_hal_fdcan.o
    0x08005c0a   0x08005c0a   0x00000006   PAD
    0x08005c10   0x08005c10   0x00000002   Code   RO         2100    .text.HAL_FDCAN_TT_TimeMarkCallback  stm32h7xx_hal_fdcan.o
    0x08005c12   0x08005c12   0x00000006   PAD
    0x08005c18   0x08005c18   0x00000002   Code   RO         2094    .text.HAL_FDCAN_TimeoutOccurredCallback  stm32h7xx_hal_fdcan.o
    0x08005c1a   0x08005c1a   0x00000006   PAD
    0x08005c20   0x08005c20   0x00000002   Code   RO         2092    .text.HAL_FDCAN_TimestampWraparoundCallback  stm32h7xx_hal_fdcan.o
    0x08005c22   0x08005c22   0x00000006   PAD
    0x08005c28   0x08005c28   0x00000002   Code   RO         2076    .text.HAL_FDCAN_TxBufferAbortCallback  stm32h7xx_hal_fdcan.o
    0x08005c2a   0x08005c2a   0x00000006   PAD
    0x08005c30   0x08005c30   0x00000002   Code   RO         2088    .text.HAL_FDCAN_TxBufferCompleteCallback  stm32h7xx_hal_fdcan.o
    0x08005c32   0x08005c32   0x00000006   PAD
    0x08005c38   0x08005c38   0x00000002   Code   RO         2080    .text.HAL_FDCAN_TxEventFifoCallback  stm32h7xx_hal_fdcan.o
    0x08005c3a   0x08005c3a   0x00000006   PAD
    0x08005c40   0x08005c40   0x00000002   Code   RO         2086    .text.HAL_FDCAN_TxFifoEmptyCallback  stm32h7xx_hal_fdcan.o
    0x08005c42   0x08005c42   0x00000006   PAD
    0x08005c48   0x08005c48   0x00000002   Code   RO         1093    .text.HAL_GPIO_EXTI_Callback  stm32h7xx_hal_gpio.o
    0x08005c4a   0x08005c4a   0x00000006   PAD
    0x08005c50   0x08005c50   0x00000014   Code   RO         1091    .text.HAL_GPIO_EXTI_IRQHandler  stm32h7xx_hal_gpio.o
    0x08005c64   0x08005c64   0x00000004   PAD
    0x08005c68   0x08005c68   0x000001a2   Code   RO         1079    .text.HAL_GPIO_Init  stm32h7xx_hal_gpio.o
    0x08005e0a   0x08005e0a   0x00000006   PAD
    0x08005e10   0x08005e10   0x0000000a   Code   RO         1085    .text.HAL_GPIO_WritePin  stm32h7xx_hal_gpio.o
    0x08005e1a   0x08005e1a   0x00000006   PAD
    0x08005e20   0x08005e20   0x0000000c   Code   RO         1431    .text.HAL_GetTick   stm32h7xx_hal.o
    0x08005e2c   0x08005e2c   0x00000004   PAD
    0x08005e30   0x08005e30   0x0000001a   Code   RO         1429    .text.HAL_IncTick   stm32h7xx_hal.o
    0x08005e4a   0x08005e4a   0x00000006   PAD
    0x08005e50   0x08005e50   0x00000064   Code   RO         1419    .text.HAL_Init      stm32h7xx_hal.o
    0x08005eb4   0x08005eb4   0x00000004   PAD
    0x08005eb8   0x08005eb8   0x000000a8   Code   RO          232    .text.HAL_InitTick  stm32h7xx_hal_timebase_tim.o
    0x08005f60   0x08005f60   0x0000002a   Code   RO          223    .text.HAL_MspInit   stm32h7xx_hal_msp.o
    0x08005f8a   0x08005f8a   0x00000006   PAD
    0x08005f90   0x08005f90   0x00000022   Code   RO         1371    .text.HAL_NVIC_EnableIRQ  stm32h7xx_hal_cortex.o
    0x08005fb2   0x08005fb2   0x00000006   PAD
    0x08005fb8   0x08005fb8   0x0000005a   Code   RO         1369    .text.HAL_NVIC_SetPriority  stm32h7xx_hal_cortex.o
    0x08006012   0x08006012   0x00000006   PAD
    0x08006018   0x08006018   0x00000020   Code   RO         1367    .text.HAL_NVIC_SetPriorityGrouping  stm32h7xx_hal_cortex.o
    0x08006038   0x08006038   0x00000026   Code   RO          792    .text.HAL_PCDEx_ActivateLPM  stm32h7xx_hal_pcd_ex.o
    0x0800605e   0x0800605e   0x00000002   PAD
    0x08006060   0x08006060   0x00000002   Code   RO          804    .text.HAL_PCDEx_LPM_Callback  stm32h7xx_hal_pcd_ex.o
    0x08006062   0x08006062   0x00000006   PAD
    0x08006068   0x08006068   0x00000008   Code   RO          790    .text.HAL_PCDEx_SetRxFiFo  stm32h7xx_hal_pcd_ex.o
    0x08006070   0x08006070   0x0000004e   Code   RO          788    .text.HAL_PCDEx_SetTxFiFo  stm32h7xx_hal_pcd_ex.o
    0x080060be   0x080060be   0x00000002   PAD
    0x080060c0   0x080060c0   0x00000008   Code   RO          331    .text.HAL_PCD_ConnectCallback  usbd_conf.o
    0x080060c8   0x080060c8   0x00000012   Code   RO          317    .text.HAL_PCD_DataInStageCallback  usbd_conf.o
    0x080060da   0x080060da   0x00000006   PAD
    0x080060e0   0x080060e0   0x00000014   Code   RO          315    .text.HAL_PCD_DataOutStageCallback  usbd_conf.o
    0x080060f4   0x080060f4   0x00000004   PAD
    0x080060f8   0x080060f8   0x00000008   Code   RO          333    .text.HAL_PCD_DisconnectCallback  usbd_conf.o
    0x08006100   0x08006100   0x00000050   Code   RO          758    .text.HAL_PCD_EP_Close  stm32h7xx_hal_pcd.o
    0x08006150   0x08006150   0x0000005e   Code   RO          768    .text.HAL_PCD_EP_ClrStall  stm32h7xx_hal_pcd.o
    0x080061ae   0x080061ae   0x00000002   PAD
    0x080061b0   0x080061b0   0x00000012   Code   RO          762    .text.HAL_PCD_EP_GetRxCount  stm32h7xx_hal_pcd.o
    0x080061c2   0x080061c2   0x00000006   PAD
    0x080061c8   0x080061c8   0x00000062   Code   RO          756    .text.HAL_PCD_EP_Open  stm32h7xx_hal_pcd.o
    0x0800622a   0x0800622a   0x00000006   PAD
    0x08006230   0x08006230   0x00000038   Code   RO          760    .text.HAL_PCD_EP_Receive  stm32h7xx_hal_pcd.o
    0x08006268   0x08006268   0x0000006a   Code   RO          766    .text.HAL_PCD_EP_SetStall  stm32h7xx_hal_pcd.o
    0x080062d2   0x080062d2   0x00000006   PAD
    0x080062d8   0x080062d8   0x0000003c   Code   RO          764    .text.HAL_PCD_EP_Transmit  stm32h7xx_hal_pcd.o
    0x08006314   0x08006314   0x00000004   PAD
    0x08006318   0x08006318   0x000007ce   Code   RO          724    .text.HAL_PCD_IRQHandler  stm32h7xx_hal_pcd.o
    0x08006ae6   0x08006ae6   0x00000002   PAD
    0x08006ae8   0x08006ae8   0x00000008   Code   RO          329    .text.HAL_PCD_ISOINIncompleteCallback  usbd_conf.o
    0x08006af0   0x08006af0   0x00000008   Code   RO          327    .text.HAL_PCD_ISOOUTIncompleteCallback  usbd_conf.o
    0x08006af8   0x08006af8   0x000000f0   Code   RO          712    .text.HAL_PCD_Init  stm32h7xx_hal_pcd.o
    0x08006be8   0x08006be8   0x0000006c   Code   RO          309    .text.HAL_PCD_MspInit  usbd_conf.o
    0x08006c54   0x08006c54   0x00000004   PAD
    0x08006c58   0x08006c58   0x00000026   Code   RO          321    .text.HAL_PCD_ResetCallback  usbd_conf.o
    0x08006c7e   0x08006c7e   0x00000002   PAD
    0x08006c80   0x08006c80   0x00000008   Code   RO          325    .text.HAL_PCD_ResumeCallback  usbd_conf.o
    0x08006c88   0x08006c88   0x00000008   Code   RO          319    .text.HAL_PCD_SOFCallback  usbd_conf.o
    0x08006c90   0x08006c90   0x00000028   Code   RO          754    .text.HAL_PCD_SetAddress  stm32h7xx_hal_pcd.o
    0x08006cb8   0x08006cb8   0x0000000e   Code   RO          313    .text.HAL_PCD_SetupStageCallback  usbd_conf.o
    0x08006cc6   0x08006cc6   0x00000002   PAD
    0x08006cc8   0x08006cc8   0x0000003e   Code   RO          720    .text.HAL_PCD_Start  stm32h7xx_hal_pcd.o
    0x08006d06   0x08006d06   0x00000002   PAD
    0x08006d08   0x08006d08   0x00000034   Code   RO          323    .text.HAL_PCD_SuspendCallback  usbd_conf.o
    0x08006d3c   0x08006d3c   0x00000004   PAD
    0x08006d40   0x08006d40   0x00000048   Code   RO         1283    .text.HAL_PWREx_ConfigSupply  stm32h7xx_hal_pwr_ex.o
    0x08006d88   0x08006d88   0x00000012   Code   RO         1333    .text.HAL_PWREx_EnableUSBVoltageDetector  stm32h7xx_hal_pwr_ex.o
    0x08006d9a   0x08006d9a   0x00000006   PAD
    0x08006da0   0x08006da0   0x00000026   Code   RO          970    .text.HAL_RCCEx_GetD3PCLK1Freq  stm32h7xx_hal_rcc_ex.o
    0x08006dc6   0x08006dc6   0x00000002   PAD
    0x08006dc8   0x08006dc8   0x00000124   Code   RO          964    .text.HAL_RCCEx_GetPLL1ClockFreq  stm32h7xx_hal_rcc_ex.o
    0x08006eec   0x08006eec   0x00000004   PAD
    0x08006ef0   0x08006ef0   0x00000120   Code   RO          966    .text.HAL_RCCEx_GetPLL2ClockFreq  stm32h7xx_hal_rcc_ex.o
    0x08007010   0x08007010   0x00000120   Code   RO          968    .text.HAL_RCCEx_GetPLL3ClockFreq  stm32h7xx_hal_rcc_ex.o
    0x08007130   0x08007130   0x0000034c   Code   RO          962    .text.HAL_RCCEx_GetPeriphCLKFreq  stm32h7xx_hal_rcc_ex.o
    0x0800747c   0x0800747c   0x00000004   PAD
    0x08007480   0x08007480   0x00000962   Code   RO          954    .text.HAL_RCCEx_PeriphCLKConfig  stm32h7xx_hal_rcc_ex.o
    0x08007de2   0x08007de2   0x00000006   PAD
    0x08007de8   0x08007de8   0x0000024a   Code   RO          922    .text.HAL_RCC_ClockConfig  stm32h7xx_hal_rcc.o
    0x08008032   0x08008032   0x00000006   PAD
    0x08008038   0x08008038   0x00000058   Code   RO          940    .text.HAL_RCC_GetClockConfig  stm32h7xx_hal_rcc.o
    0x08008090   0x08008090   0x0000004c   Code   RO          932    .text.HAL_RCC_GetHCLKFreq  stm32h7xx_hal_rcc.o
    0x080080dc   0x080080dc   0x00000004   PAD
    0x080080e0   0x080080e0   0x00000060   Code   RO          934    .text.HAL_RCC_GetPCLK1Freq  stm32h7xx_hal_rcc.o
    0x08008140   0x08008140   0x00000060   Code   RO          936    .text.HAL_RCC_GetPCLK2Freq  stm32h7xx_hal_rcc.o
    0x080081a0   0x080081a0   0x00000114   Code   RO          924    .text.HAL_RCC_GetSysClockFreq  stm32h7xx_hal_rcc.o
    0x080082b4   0x080082b4   0x00000004   PAD
    0x080082b8   0x080082b8   0x000005ce   Code   RO          920    .text.HAL_RCC_OscConfig  stm32h7xx_hal_rcc.o
    0x08008886   0x08008886   0x00000002   PAD
    0x08008888   0x08008888   0x00000002   Code   RO         2196    .text.HAL_SPI_ErrorCallback  stm32h7xx_hal_spi.o
    0x0800888a   0x0800888a   0x00000006   PAD
    0x08008890   0x08008890   0x0000023a   Code   RO         2192    .text.HAL_SPI_IRQHandler  stm32h7xx_hal_spi.o
    0x08008aca   0x08008aca   0x00000006   PAD
    0x08008ad0   0x08008ad0   0x000001ac   Code   RO         2122    .text.HAL_SPI_Init  stm32h7xx_hal_spi.o
    0x08008c7c   0x08008c7c   0x00000004   PAD
    0x08008c80   0x08008c80   0x00000204   Code   RO          120    .text.HAL_SPI_MspInit  spi.o
    0x08008e84   0x08008e84   0x00000004   PAD
    0x08008e88   0x08008e88   0x00000002   Code   RO         2200    .text.HAL_SPI_RxCpltCallback  stm32h7xx_hal_spi.o
    0x08008e8a   0x08008e8a   0x00000006   PAD
    0x08008e90   0x08008e90   0x00000002   Code   RO         2194    .text.HAL_SPI_SuspendCallback  stm32h7xx_hal_spi.o
    0x08008e92   0x08008e92   0x00000006   PAD
    0x08008e98   0x08008e98   0x000003e6   Code   RO         2136    .text.HAL_SPI_TransmitReceive  stm32h7xx_hal_spi.o
    0x0800927e   0x0800927e   0x00000002   PAD
    0x08009280   0x08009280   0x00000002   Code   RO         2202    .text.HAL_SPI_TxCpltCallback  stm32h7xx_hal_spi.o
    0x08009282   0x08009282   0x00000006   PAD
    0x08009288   0x08009288   0x00000002   Code   RO         2198    .text.HAL_SPI_TxRxCpltCallback  stm32h7xx_hal_spi.o
    0x0800928a   0x0800928a   0x00000006   PAD
    0x08009290   0x08009290   0x00000014   Code   RO         1469    .text.HAL_SYSCFG_AnalogSwitchConfig  stm32h7xx_hal.o
    0x080092a4   0x080092a4   0x00000004   PAD
    0x080092a8   0x080092a8   0x00000002   Code   RO          698    .text.HAL_TIMEx_Break2Callback  stm32h7xx_hal_tim_ex.o
    0x080092aa   0x080092aa   0x00000006   PAD
    0x080092b0   0x080092b0   0x00000002   Code   RO          696    .text.HAL_TIMEx_BreakCallback  stm32h7xx_hal_tim_ex.o
    0x080092b2   0x080092b2   0x00000006   PAD
    0x080092b8   0x080092b8   0x00000002   Code   RO          692    .text.HAL_TIMEx_CommutCallback  stm32h7xx_hal_tim_ex.o
    0x080092ba   0x080092ba   0x00000006   PAD
    0x080092c0   0x080092c0   0x00000060   Code   RO          381    .text.HAL_TIM_Base_Init  stm32h7xx_hal_tim.o
    0x08009320   0x08009320   0x00000002   Code   RO          383    .text.HAL_TIM_Base_MspInit  stm32h7xx_hal_tim.o
    0x08009322   0x08009322   0x00000006   PAD
    0x08009328   0x08009328   0x000000ca   Code   RO          395    .text.HAL_TIM_Base_Start_IT  stm32h7xx_hal_tim.o
    0x080093f2   0x080093f2   0x00000006   PAD
    0x080093f8   0x080093f8   0x00000002   Code   RO          517    .text.HAL_TIM_IC_CaptureCallback  stm32h7xx_hal_tim.o
    0x080093fa   0x080093fa   0x00000006   PAD
    0x08009400   0x08009400   0x00000166   Code   RO          515    .text.HAL_TIM_IRQHandler  stm32h7xx_hal_tim.o
    0x08009566   0x08009566   0x00000002   PAD
    0x08009568   0x08009568   0x00000002   Code   RO          519    .text.HAL_TIM_OC_DelayElapsedCallback  stm32h7xx_hal_tim.o
    0x0800956a   0x0800956a   0x00000006   PAD
    0x08009570   0x08009570   0x00000002   Code   RO          521    .text.HAL_TIM_PWM_PulseFinishedCallback  stm32h7xx_hal_tim.o
    0x08009572   0x08009572   0x00000006   PAD
    0x08009578   0x08009578   0x00000014   Code   RO           19    .text.HAL_TIM_PeriodElapsedCallback  main.o
    0x0800958c   0x0800958c   0x00000004   PAD
    0x08009590   0x08009590   0x00000002   Code   RO          525    .text.HAL_TIM_TriggerCallback  stm32h7xx_hal_tim.o
    0x08009592   0x08009592   0x00000006   PAD
    0x08009598   0x08009598   0x00000036   Code   RO         2401    .text.HAL_UARTEx_DisableFifoMode  stm32h7xx_hal_uart_ex.o
    0x080095ce   0x080095ce   0x00000002   PAD
    0x080095d0   0x080095d0   0x0000005a   Code   RO         2411    .text.HAL_UARTEx_ReceiveToIdle_DMA  stm32h7xx_hal_uart_ex.o
    0x0800962a   0x0800962a   0x00000006   PAD
    0x08009630   0x08009630   0x00000004   Code   RO         3413    .text.HAL_UARTEx_RxEventCallback  bsp_usart.o
    0x08009634   0x08009634   0x00000004   PAD
    0x08009638   0x08009638   0x00000002   Code   RO         2387    .text.HAL_UARTEx_RxFifoFullCallback  stm32h7xx_hal_uart_ex.o
    0x0800963a   0x0800963a   0x00000006   PAD
    0x08009640   0x08009640   0x00000092   Code   RO         2405    .text.HAL_UARTEx_SetRxFifoThreshold  stm32h7xx_hal_uart_ex.o
    0x080096d2   0x080096d2   0x00000006   PAD
    0x080096d8   0x080096d8   0x00000092   Code   RO         2403    .text.HAL_UARTEx_SetTxFifoThreshold  stm32h7xx_hal_uart_ex.o
    0x0800976a   0x0800976a   0x00000006   PAD
    0x08009770   0x08009770   0x00000002   Code   RO         2389    .text.HAL_UARTEx_TxFifoEmptyCallback  stm32h7xx_hal_uart_ex.o
    0x08009772   0x08009772   0x00000006   PAD
    0x08009778   0x08009778   0x00000002   Code   RO         2385    .text.HAL_UARTEx_WakeupCallback  stm32h7xx_hal_uart_ex.o
    0x0800977a   0x0800977a   0x00000006   PAD
    0x08009780   0x08009780   0x000000ac   Code   RO         2300    .text.HAL_UART_AbortReceive  stm32h7xx_hal_uart.o
    0x0800982c   0x0800982c   0x00000004   PAD
    0x08009830   0x08009830   0x00000090   Code   RO         3407    .text.HAL_UART_ErrorCallback  bsp_usart.o
    0x080098c0   0x080098c0   0x000003ae   Code   RO         2322    .text.HAL_UART_IRQHandler  stm32h7xx_hal_uart.o
    0x08009c6e   0x08009c6e   0x00000002   PAD
    0x08009c70   0x08009c70   0x00000064   Code   RO         2238    .text.HAL_UART_Init  stm32h7xx_hal_uart.o
    0x08009cd4   0x08009cd4   0x00000004   PAD
    0x08009cd8   0x08009cd8   0x00000322   Code   RO          142    .text.HAL_UART_MspInit  usart.o
    0x08009ffa   0x08009ffa   0x00000006   PAD
    0x0800a000   0x0800a000   0x000000e4   Code   RO         2262    .text.HAL_UART_Receive  stm32h7xx_hal_uart.o
    0x0800a0e4   0x0800a0e4   0x00000004   PAD
    0x0800a0e8   0x0800a0e8   0x000000fe   Code   RO         2286    .text.HAL_UART_Receive_DMA  stm32h7xx_hal_uart.o
    0x0800a1e6   0x0800a1e6   0x00000002   PAD
    0x0800a1e8   0x0800a1e8   0x0000005e   Code   RO         2274    .text.HAL_UART_Receive_IT  stm32h7xx_hal_uart.o
    0x0800a246   0x0800a246   0x00000002   PAD
    0x0800a248   0x0800a248   0x00000006   Code   RO         3409    .text.HAL_UART_RxCpltCallback  bsp_usart.o
    0x0800a24e   0x0800a24e   0x00000002   PAD
    0x0800a250   0x0800a250   0x00000002   Code   RO         2336    .text.HAL_UART_RxHalfCpltCallback  stm32h7xx_hal_uart.o
    0x0800a252   0x0800a252   0x00000006   PAD
    0x0800a258   0x0800a258   0x00000002   Code   RO         2330    .text.HAL_UART_TxCpltCallback  stm32h7xx_hal_uart.o
    0x0800a25a   0x0800a25a   0x00000006   PAD
    0x0800a260   0x0800a260   0x00000002   Code   RO          164    .text.HardFault_Handler  stm32h7xx_it.o
    0x0800a262   0x0800a262   0x00000006   PAD
    0x0800a268   0x0800a268   0x00000366   Code   RO         3181    .text.Kalman_Filter_Init  kalman_filter.o
    0x0800a5ce   0x0800a5ce   0x00000002   PAD
    0x0800a5d0   0x0800a5d0   0x000002d2   Code   RO         3183    .text.Kalman_Filter_Update  kalman_filter.o
    0x0800a8a2   0x0800a8a2   0x00000006   PAD
    0x0800a8a8   0x0800a8a8   0x00000016   Code   RO         3298    .text.LowPassFilter2p_Init  lpf.o
    0x0800a8be   0x0800a8be   0x00000002   PAD
    0x0800a8c0   0x0800a8c0   0x0000004a   Code   RO         3300    .text.LowPassFilter2p_Update  lpf.o
    0x0800a90a   0x0800a90a   0x00000006   PAD
    0x0800a910   0x0800a910   0x000000ac   Code   RO           54    .text.MX_ADC1_Init  adc.o
    0x0800a9bc   0x0800a9bc   0x00000004   PAD
    0x0800a9c0   0x0800a9c0   0x00000026   Code   RO           70    .text.MX_CORDIC_Init  cordic.o
    0x0800a9e6   0x0800a9e6   0x00000002   PAD
    0x0800a9e8   0x0800a9e8   0x000000b6   Code   RO           85    .text.MX_DMA_Init   dma.o
    0x0800aa9e   0x0800aa9e   0x00000002   PAD
    0x0800aaa0   0x0800aaa0   0x00000072   Code   RO           94    .text.MX_FDCAN1_Init  fdcan.o
    0x0800ab12   0x0800ab12   0x00000006   PAD
    0x0800ab18   0x0800ab18   0x00000076   Code   RO           96    .text.MX_FDCAN2_Init  fdcan.o
    0x0800ab8e   0x0800ab8e   0x00000002   PAD
    0x0800ab90   0x0800ab90   0x00000076   Code   RO           98    .text.MX_FDCAN3_Init  fdcan.o
    0x0800ac06   0x0800ac06   0x00000002   PAD
    0x0800ac08   0x0800ac08   0x00000024   Code   RO           39    .text.MX_FREERTOS_Init  freertos.o
    0x0800ac2c   0x0800ac2c   0x00000004   PAD
    0x0800ac30   0x0800ac30   0x000001d6   Code   RO           30    .text.MX_GPIO_Init  gpio.o
    0x0800ae06   0x0800ae06   0x00000002   PAD
    0x0800ae08   0x0800ae08   0x00000066   Code   RO          116    .text.MX_SPI2_Init  spi.o
    0x0800ae6e   0x0800ae6e   0x00000002   PAD
    0x0800ae70   0x0800ae70   0x00000062   Code   RO          118    .text.MX_SPI6_Init  spi.o
    0x0800aed2   0x0800aed2   0x00000006   PAD
    0x0800aed8   0x0800aed8   0x0000008c   Code   RO          136    .text.MX_UART5_Init  usart.o
    0x0800af64   0x0800af64   0x00000004   PAD
    0x0800af68   0x0800af68   0x0000007c   Code   RO          138    .text.MX_UART7_Init  usart.o
    0x0800afe4   0x0800afe4   0x00000004   PAD
    0x0800afe8   0x0800afe8   0x00000080   Code   RO          140    .text.MX_USART1_UART_Init  usart.o
    0x0800b068   0x0800b068   0x0000006c   Code   RO          247    .text.MX_USB_DEVICE_Init  usb_device.o
    0x0800b0d4   0x0800b0d4   0x00000004   PAD
    0x0800b0d8   0x0800b0d8   0x00000002   Code   RO          166    .text.MemManage_Handler  stm32h7xx_it.o
    0x0800b0da   0x0800b0da   0x00000006   PAD
    0x0800b0e0   0x0800b0e0   0x00000022   Code   RO         3571    .text.MiniPC_AliveCheck  minipc.o
    0x0800b102   0x0800b102   0x00000006   PAD
    0x0800b108   0x0800b108   0x00000004   Code   RO         3565    .text.MiniPC_Send   minipc.o
    0x0800b10c   0x0800b10c   0x00000004   PAD
    0x0800b110   0x0800b110   0x000000d4   Code   RO         3589    .text.Motor_Control  gimbal.o
    0x0800b1e4   0x0800b1e4   0x00000004   PAD
    0x0800b1e8   0x0800b1e8   0x00000002   Code   RO          162    .text.NMI_Handler   stm32h7xx_it.o
    0x0800b1ea   0x0800b1ea   0x00000006   PAD
    0x0800b1f0   0x0800b1f0   0x0000000c   Code   RO          208    .text.OTG_HS_IRQHandler  stm32h7xx_it.o
    0x0800b1fc   0x0800b1fc   0x00000004   PAD
    0x0800b200   0x0800b200   0x0000015c   Code   RO         3195    .text.PID_Control   pid.o
    0x0800b35c   0x0800b35c   0x00000004   PAD
    0x0800b360   0x0800b360   0x00000114   Code   RO         3197    .text.PID_Control_Smis  pid.o
    0x0800b474   0x0800b474   0x00000004   PAD
    0x0800b478   0x0800b478   0x00000008   Code   RO         3203    .text.PID_IoutReset  pid.o
    0x0800b480   0x0800b480   0x00000064   Code   RO         3164    .text.PendSV_Handler  port.o
    0x0800b4e4   0x0800b4e4   0x00000004   PAD
    0x0800b4e8   0x0800b4e8   0x000001ac   Code   RO         3215    .text.QuaternionEKF_A_Update  quaternion.o
    0x0800b694   0x0800b694   0x00000004   PAD
    0x0800b698   0x0800b698   0x000000b6   Code   RO         3217    .text.QuaternionEKF_H_Update  quaternion.o
    0x0800b74e   0x0800b74e   0x00000002   PAD
    0x0800b750   0x0800b750   0x000000a0   Code   RO         3213    .text.QuaternionEKF_Init  quaternion.o
    0x0800b7f0   0x0800b7f0   0x00000310   Code   RO         3221    .text.QuaternionEKF_Update  quaternion.o
    0x0800bb00   0x0800bb00   0x000003b0   Code   RO         3219    .text.QuaternionEKF_xhat_Update  quaternion.o
    0x0800beb0   0x0800beb0   0x0000011e   Code   RO          956    .text.RCCEx_PLL2_Config  stm32h7xx_hal_rcc_ex.o
    0x0800bfce   0x0800bfce   0x00000002   PAD
    0x0800bfd0   0x0800bfd0   0x0000011e   Code   RO          958    .text.RCCEx_PLL3_Config  stm32h7xx_hal_rcc_ex.o
    0x0800c0ee   0x0800c0ee   0x00000002   PAD
    0x0800c0f0   0x0800c0f0   0x00000038   Code   RO         3238    .text.RMQueueGetEndPtr  rmqueue.o
    0x0800c128   0x0800c128   0x00000034   Code   RO         3232    .text.RMQueueInit   rmqueue.o
    0x0800c15c   0x0800c15c   0x00000004   PAD
    0x0800c160   0x0800c160   0x00000034   Code   RO         3242    .text.RMQueuePop    rmqueue.o
    0x0800c194   0x0800c194   0x00000004   PAD
    0x0800c198   0x0800c198   0x0000003a   Code   RO         3236    .text.RMQueuePushEndPtr  rmqueue.o
    0x0800c1d2   0x0800c1d2   0x00000006   PAD
    0x0800c1d8   0x0800c1d8   0x00000016   Code   RO         3240    .text.RMQueueTop    rmqueue.o
    0x0800c1ee   0x0800c1ee   0x00000002   PAD
    0x0800c1f0   0x0800c1f0   0x000000c4   Code   RO         3636    .text.Robot_Init    gimbal_cmd.o
    0x0800c2b4   0x0800c2b4   0x00000004   PAD
    0x0800c2b8   0x0800c2b8   0x000004c4   Code   RO         3638    .text.Robot_Update  gimbal_cmd.o
    0x0800c77c   0x0800c77c   0x00000004   PAD
    0x0800c780   0x0800c780   0x0000000c   Code   RO          188    .text.SPI2_IRQHandler  stm32h7xx_it.o
    0x0800c78c   0x0800c78c   0x00000004   PAD
    0x0800c790   0x0800c790   0x000000c4   Code   RO         2132    .text.SPI_CloseTransfer  stm32h7xx_hal_spi.o
    0x0800c854   0x0800c854   0x00000004   PAD
    0x0800c858   0x0800c858   0x00000016   Code   RO         2204    .text.SPI_DMAAbortOnError  stm32h7xx_hal_spi.o
    0x0800c86e   0x0800c86e   0x00000002   PAD
    0x0800c870   0x0800c870   0x00000024   Code   RO         3148    .text.SVC_Handler   port.o
    0x0800c894   0x0800c894   0x00000004   PAD
    0x0800c898   0x0800c898   0x00000360   Code   RO         3610    .text.Shoot_Control  shoot.o
    0x0800cbf8   0x0800cbf8   0x00000114   Code   RO         3608    .text.Shoot_Init    shoot.o
    0x0800cd0c   0x0800cd0c   0x00000004   PAD
    0x0800cd10   0x0800cd10   0x00000068   Code   RO         3612    .text.Shoot_Stop    shoot.o
    0x0800cd78   0x0800cd78   0x00000094   Code   RO         3258    .text.Slope_Calc    slope.o
    0x0800ce0c   0x0800ce0c   0x00000004   PAD
    0x0800ce10   0x0800ce10   0x0000001e   Code   RO         3254    .text.Slope_Init    slope.o
    0x0800ce2e   0x0800ce2e   0x00000002   PAD
    0x0800ce30   0x0800ce30   0x0000001e   Code   RO         2953    .text.SysTick_Handler  cmsis_os2.o
    0x0800ce4e   0x0800ce4e   0x00000002   PAD
    0x0800ce50   0x0800ce50   0x000000b6   Code   RO           13    .text.SystemClock_Config  main.o
    0x0800cf06   0x0800cf06   0x00000002   PAD
    0x0800cf08   0x0800cf08   0x000000d2   Code   RO         2424    .text.SystemInit    system_stm32h7xx.o
    0x0800cfda   0x0800cfda   0x00000006   PAD
    0x0800cfe0   0x0800cfe0   0x0000000c   Code   RO          194    .text.TIM8_TRG_COM_TIM14_IRQHandler  stm32h7xx_it.o
    0x0800cfec   0x0800cfec   0x00000004   PAD
    0x0800cff0   0x0800cff0   0x0000015a   Code   RO          385    .text.TIM_Base_SetConfig  stm32h7xx_hal_tim.o
    0x0800d14a   0x0800d14a   0x00000006   PAD
    0x0800d150   0x0800d150   0x00000020   Code   RO         3684    .text.Task_Alive    task_data.o
    0x0800d170   0x0800d170   0x00000016   Code   RO         3690    .text.Task_Can      task_data.o
    0x0800d186   0x0800d186   0x00000002   PAD
    0x0800d188   0x0800d188   0x00000198   Code   RO         3688    .text.Task_Ins      task_data.o
    0x0800d320   0x0800d320   0x00000064   Code   RO         3686    .text.Task_Minipc   task_data.o
    0x0800d384   0x0800d384   0x00000004   PAD
    0x0800d388   0x0800d388   0x00000014   Code   RO         3661    .text.Task_Robot_Control  task_gimbal.o
    0x0800d39c   0x0800d39c   0x00000004   PAD
    0x0800d3a0   0x0800d3a0   0x00000016   Code   RO         3692    .text.Task_Usart    task_data.o
    0x0800d3b6   0x0800d3b6   0x00000002   PAD
    0x0800d3b8   0x0800d3b8   0x00000016   Code   RO         3694    .text.Task_Usb      task_data.o
    0x0800d3ce   0x0800d3ce   0x00000002   PAD
    0x0800d3d0   0x0800d3d0   0x00000164   Code   RO         3669    .text.Task_init     task_init.o
    0x0800d534   0x0800d534   0x00000004   PAD
    0x0800d538   0x0800d538   0x0000000c   Code   RO          198    .text.UART5_IRQHandler  stm32h7xx_it.o
    0x0800d544   0x0800d544   0x00000004   PAD
    0x0800d548   0x0800d548   0x0000000c   Code   RO          210    .text.UART7_IRQHandler  stm32h7xx_it.o
    0x0800d554   0x0800d554   0x00000004   PAD
    0x0800d558   0x0800d558   0x000000e0   Code   RO         2242    .text.UART_AdvFeatureConfig  stm32h7xx_hal_uart.o
    0x0800d638   0x0800d638   0x000000ba   Code   RO         2246    .text.UART_CheckIdleState  stm32h7xx_hal_uart.o
    0x0800d6f2   0x0800d6f2   0x00000006   PAD
    0x0800d6f8   0x0800d6f8   0x0000000c   Code   RO         2324    .text.UART_DMAAbortOnError  stm32h7xx_hal_uart.o
    0x0800d704   0x0800d704   0x00000004   PAD
    0x0800d708   0x0800d708   0x000000c8   Code   RO         2284    .text.UART_DMAError  stm32h7xx_hal_uart.o
    0x0800d7d0   0x0800d7d0   0x00000082   Code   RO         2368    .text.UART_DMAReceiveCplt  stm32h7xx_hal_uart.o
    0x0800d852   0x0800d852   0x00000006   PAD
    0x0800d858   0x0800d858   0x0000001a   Code   RO         2370    .text.UART_DMARxHalfCplt  stm32h7xx_hal_uart.o
    0x0800d872   0x0800d872   0x00000006   PAD
    0x0800d878   0x0800d878   0x000000ce   Code   RO         2364    .text.UART_RxISR_16BIT  stm32h7xx_hal_uart.o
    0x0800d946   0x0800d946   0x00000002   PAD
    0x0800d948   0x0800d948   0x000001c6   Code   RO         2360    .text.UART_RxISR_16BIT_FIFOEN  stm32h7xx_hal_uart.o
    0x0800db0e   0x0800db0e   0x00000002   PAD
    0x0800db10   0x0800db10   0x000000ce   Code   RO         2366    .text.UART_RxISR_8BIT  stm32h7xx_hal_uart.o
    0x0800dbde   0x0800dbde   0x00000002   PAD
    0x0800dbe0   0x0800dbe0   0x000001ca   Code   RO         2362    .text.UART_RxISR_8BIT_FIFOEN  stm32h7xx_hal_uart.o
    0x0800ddaa   0x0800ddaa   0x00000006   PAD
    0x0800ddb0   0x0800ddb0   0x00000468   Code   RO         2244    .text.UART_SetConfig  stm32h7xx_hal_uart.o
    0x0800e218   0x0800e218   0x000000a0   Code   RO         2288    .text.UART_Start_Receive_DMA  stm32h7xx_hal_uart.o
    0x0800e2b8   0x0800e2b8   0x0000011c   Code   RO         2276    .text.UART_Start_Receive_IT  stm32h7xx_hal_uart.o
    0x0800e3d4   0x0800e3d4   0x00000004   PAD
    0x0800e3d8   0x0800e3d8   0x0000013e   Code   RO         2260    .text.UART_WaitOnFlagUntilTimeout  stm32h7xx_hal_uart.o
    0x0800e516   0x0800e516   0x00000002   PAD
    0x0800e518   0x0800e518   0x0000000c   Code   RO          190    .text.USART1_IRQHandler  stm32h7xx_it.o
    0x0800e524   0x0800e524   0x00000004   PAD
    0x0800e528   0x0800e528   0x0000037a   Code   RO         3401    .text.USARTRegister  bsp_usart.o
    0x0800e8a2   0x0800e8a2   0x00000006   PAD
    0x0800e8a8   0x0800e8a8   0x00000116   Code   RO         3411    .text.USART_Patch   bsp_usart.o
    0x0800e9be   0x0800e9be   0x00000002   PAD
    0x0800e9c0   0x0800e9c0   0x00000076   Code   RO         3415    .text.USART_Process  bsp_usart.o
    0x0800ea36   0x0800ea36   0x00000002   PAD
    0x0800ea38   0x0800ea38   0x00000052   Code   RO         3405    .text.USART_Receive  bsp_usart.o
    0x0800ea8a   0x0800ea8a   0x00000006   PAD
    0x0800ea90   0x0800ea90   0x00000072   Code   RO         2548    .text.USBD_CDC_DataIn  usbd_cdc.o
    0x0800eb02   0x0800eb02   0x00000006   PAD
    0x0800eb08   0x0800eb08   0x0000003a   Code   RO         2550    .text.USBD_CDC_DataOut  usbd_cdc.o
    0x0800eb42   0x0800eb42   0x00000006   PAD
    0x0800eb48   0x0800eb48   0x0000005a   Code   RO         2542    .text.USBD_CDC_DeInit  usbd_cdc.o
    0x0800eba2   0x0800eba2   0x00000006   PAD
    0x0800eba8   0x0800eba8   0x00000036   Code   RO         2546    .text.USBD_CDC_EP0_RxReady  usbd_cdc.o
    0x0800ebde   0x0800ebde   0x00000002   PAD
    0x0800ebe0   0x0800ebe0   0x00000010   Code   RO         2558    .text.USBD_CDC_GetDeviceQualifierDescriptor  usbd_cdc.o
    0x0800ebf0   0x0800ebf0   0x00000052   Code   RO         2554    .text.USBD_CDC_GetFSCfgDesc  usbd_cdc.o
    0x0800ec42   0x0800ec42   0x00000006   PAD
    0x0800ec48   0x0800ec48   0x00000056   Code   RO         2552    .text.USBD_CDC_GetHSCfgDesc  usbd_cdc.o
    0x0800ec9e   0x0800ec9e   0x00000002   PAD
    0x0800eca0   0x0800eca0   0x00000052   Code   RO         2556    .text.USBD_CDC_GetOtherSpeedCfgDesc  usbd_cdc.o
    0x0800ecf2   0x0800ecf2   0x00000006   PAD
    0x0800ecf8   0x0800ecf8   0x000000cc   Code   RO         2540    .text.USBD_CDC_Init  usbd_cdc.o
    0x0800edc4   0x0800edc4   0x00000004   PAD
    0x0800edc8   0x0800edc8   0x00000030   Code   RO         2568    .text.USBD_CDC_ReceivePacket  usbd_cdc.o
    0x0800edf8   0x0800edf8   0x00000016   Code   RO         2560    .text.USBD_CDC_RegisterInterface  usbd_cdc.o
    0x0800ee0e   0x0800ee0e   0x00000002   PAD
    0x0800ee10   0x0800ee10   0x0000001a   Code   RO         2564    .text.USBD_CDC_SetRxBuffer  usbd_cdc.o
    0x0800ee2a   0x0800ee2a   0x00000006   PAD
    0x0800ee30   0x0800ee30   0x0000001e   Code   RO         2562    .text.USBD_CDC_SetTxBuffer  usbd_cdc.o
    0x0800ee4e   0x0800ee4e   0x00000002   PAD
    0x0800ee50   0x0800ee50   0x000000d0   Code   RO         2544    .text.USBD_CDC_Setup  usbd_cdc.o
    0x0800ef20   0x0800ef20   0x00000042   Code   RO         2566    .text.USBD_CDC_TransmitPacket  usbd_cdc.o
    0x0800ef62   0x0800ef62   0x00000006   PAD
    0x0800ef68   0x0800ef68   0x00000012   Code   RO         2455    .text.USBD_ClrClassConfig  usbd_core.o
    0x0800ef7a   0x0800ef7a   0x00000006   PAD
    0x0800ef80   0x0800ef80   0x00000004   Code   RO         2463    .text.USBD_CoreFindEP  usbd_core.o
    0x0800ef84   0x0800ef84   0x00000004   PAD
    0x0800ef88   0x0800ef88   0x00000004   Code   RO         2461    .text.USBD_CoreFindIF  usbd_core.o
    0x0800ef8c   0x0800ef8c   0x00000004   PAD
    0x0800ef90   0x0800ef90   0x00000010   Code   RO         2524    .text.USBD_CtlContinueRx  usbd_ioreq.o
    0x0800efa0   0x0800efa0   0x00000010   Code   RO         2520    .text.USBD_CtlContinueSendData  usbd_ioreq.o
    0x0800efb0   0x0800efb0   0x00000016   Code   RO         2499    .text.USBD_CtlError  usbd_ctlreq.o
    0x0800efc6   0x0800efc6   0x00000002   PAD
    0x0800efc8   0x0800efc8   0x0000001e   Code   RO         2522    .text.USBD_CtlPrepareRx  usbd_ioreq.o
    0x0800efe6   0x0800efe6   0x00000002   PAD
    0x0800efe8   0x0800efe8   0x00000016   Code   RO         2528    .text.USBD_CtlReceiveStatus  usbd_ioreq.o
    0x0800effe   0x0800effe   0x00000002   PAD
    0x0800f000   0x0800f000   0x0000001a   Code   RO         2518    .text.USBD_CtlSendData  usbd_ioreq.o
    0x0800f01a   0x0800f01a   0x00000006   PAD
    0x0800f020   0x0800f020   0x00000016   Code   RO         2526    .text.USBD_CtlSendStatus  usbd_ioreq.o
    0x0800f036   0x0800f036   0x00000002   PAD
    0x0800f038   0x0800f038   0x00000034   Code   RO         2485    .text.USBD_GetEpDesc  usbd_core.o
    0x0800f06c   0x0800f06c   0x00000004   PAD
    0x0800f070   0x0800f070   0x0000007c   Code   RO         2507    .text.USBD_GetString  usbd_ctlreq.o
    0x0800f0ec   0x0800f0ec   0x00000004   PAD
    0x0800f0f0   0x0800f0f0   0x00000024   Code   RO          266    .text.USBD_HS_ConfigStrDescriptor  usbd_desc.o
    0x0800f114   0x0800f114   0x00000004   PAD
    0x0800f118   0x0800f118   0x0000000e   Code   RO          256    .text.USBD_HS_DeviceDescriptor  usbd_desc.o
    0x0800f126   0x0800f126   0x00000002   PAD
    0x0800f128   0x0800f128   0x00000028   Code   RO          268    .text.USBD_HS_InterfaceStrDescriptor  usbd_desc.o
    0x0800f150   0x0800f150   0x0000000e   Code   RO          258    .text.USBD_HS_LangIDStrDescriptor  usbd_desc.o
    0x0800f15e   0x0800f15e   0x00000002   PAD
    0x0800f160   0x0800f160   0x00000028   Code   RO          260    .text.USBD_HS_ManufacturerStrDescriptor  usbd_desc.o
    0x0800f188   0x0800f188   0x00000028   Code   RO          262    .text.USBD_HS_ProductStrDescriptor  usbd_desc.o
    0x0800f1b0   0x0800f1b0   0x00000080   Code   RO          264    .text.USBD_HS_SerialStrDescriptor  usbd_desc.o
    0x0800f230   0x0800f230   0x00000028   Code   RO         2441    .text.USBD_Init     usbd_core.o
    0x0800f258   0x0800f258   0x00000022   Code   RO          353    .text.USBD_LL_ClearStallEP  usbd_conf.o
    0x0800f27a   0x0800f27a   0x00000006   PAD
    0x0800f280   0x0800f280   0x00000022   Code   RO          347    .text.USBD_LL_CloseEP  usbd_conf.o
    0x0800f2a2   0x0800f2a2   0x00000006   PAD
    0x0800f2a8   0x0800f2a8   0x000000b0   Code   RO         2465    .text.USBD_LL_DataInStage  usbd_core.o
    0x0800f358   0x0800f358   0x00000074   Code   RO         2459    .text.USBD_LL_DataOutStage  usbd_core.o
    0x0800f3cc   0x0800f3cc   0x00000004   PAD
    0x0800f3d0   0x0800f3d0   0x00000004   Code   RO         2481    .text.USBD_LL_DevConnected  usbd_core.o
    0x0800f3d4   0x0800f3d4   0x00000004   PAD
    0x0800f3d8   0x0800f3d8   0x00000020   Code   RO         2483    .text.USBD_LL_DevDisconnected  usbd_core.o
    0x0800f3f8   0x0800f3f8   0x00000008   Code   RO          363    .text.USBD_LL_GetRxDataSize  usbd_conf.o
    0x0800f400   0x0800f400   0x00000072   Code   RO          335    .text.USBD_LL_Init  usbd_conf.o
    0x0800f472   0x0800f472   0x00000006   PAD
    0x0800f478   0x0800f478   0x0000002a   Code   RO          355    .text.USBD_LL_IsStallEP  usbd_conf.o
    0x0800f4a2   0x0800f4a2   0x00000006   PAD
    0x0800f4a8   0x0800f4a8   0x0000002a   Code   RO         2477    .text.USBD_LL_IsoINIncomplete  usbd_core.o
    0x0800f4d2   0x0800f4d2   0x00000006   PAD
    0x0800f4d8   0x0800f4d8   0x0000002a   Code   RO         2479    .text.USBD_LL_IsoOUTIncomplete  usbd_core.o
    0x0800f502   0x0800f502   0x00000006   PAD
    0x0800f508   0x0800f508   0x00000028   Code   RO          345    .text.USBD_LL_OpenEP  usbd_conf.o
    0x0800f530   0x0800f530   0x00000022   Code   RO          361    .text.USBD_LL_PrepareReceive  usbd_conf.o
    0x0800f552   0x0800f552   0x00000006   PAD
    0x0800f558   0x0800f558   0x00000060   Code   RO         2467    .text.USBD_LL_Reset  usbd_core.o
    0x0800f5b8   0x0800f5b8   0x00000014   Code   RO         2473    .text.USBD_LL_Resume  usbd_core.o
    0x0800f5cc   0x0800f5cc   0x00000004   PAD
    0x0800f5d0   0x0800f5d0   0x0000001e   Code   RO         2475    .text.USBD_LL_SOF   usbd_core.o
    0x0800f5ee   0x0800f5ee   0x00000002   PAD
    0x0800f5f0   0x0800f5f0   0x00000008   Code   RO         2469    .text.USBD_LL_SetSpeed  usbd_core.o
    0x0800f5f8   0x0800f5f8   0x00000022   Code   RO          357    .text.USBD_LL_SetUSBAddress  usbd_conf.o
    0x0800f61a   0x0800f61a   0x00000006   PAD
    0x0800f620   0x0800f620   0x00000060   Code   RO         2457    .text.USBD_LL_SetupStage  usbd_core.o
    0x0800f680   0x0800f680   0x00000022   Code   RO          351    .text.USBD_LL_StallEP  usbd_conf.o
    0x0800f6a2   0x0800f6a2   0x00000006   PAD
    0x0800f6a8   0x0800f6a8   0x00000022   Code   RO          341    .text.USBD_LL_Start  usbd_conf.o
    0x0800f6ca   0x0800f6ca   0x00000006   PAD
    0x0800f6d0   0x0800f6d0   0x0000001c   Code   RO         2471    .text.USBD_LL_Suspend  usbd_core.o
    0x0800f6ec   0x0800f6ec   0x00000004   PAD
    0x0800f6f0   0x0800f6f0   0x00000022   Code   RO          359    .text.USBD_LL_Transmit  usbd_conf.o
    0x0800f712   0x0800f712   0x00000006   PAD
    0x0800f718   0x0800f718   0x00000016   Code   RO         2505    .text.USBD_ParseSetupRequest  usbd_ctlreq.o
    0x0800f72e   0x0800f72e   0x00000002   PAD
    0x0800f730   0x0800f730   0x00000044   Code   RO         2445    .text.USBD_RegisterClass  usbd_core.o
    0x0800f774   0x0800f774   0x00000004   PAD
    0x0800f778   0x0800f778   0x0000000e   Code   RO         2453    .text.USBD_SetClassConfig  usbd_core.o
    0x0800f786   0x0800f786   0x00000002   PAD
    0x0800f788   0x0800f788   0x00000004   Code   RO         2447    .text.USBD_Start    usbd_core.o
    0x0800f78c   0x0800f78c   0x00000004   PAD
    0x0800f790   0x0800f790   0x00000362   Code   RO         2497    .text.USBD_StdDevReq  usbd_ctlreq.o
    0x0800faf2   0x0800faf2   0x00000006   PAD
    0x0800faf8   0x0800faf8   0x00000146   Code   RO         2503    .text.USBD_StdEPReq  usbd_ctlreq.o
    0x0800fc3e   0x0800fc3e   0x00000002   PAD
    0x0800fc40   0x0800fc40   0x00000078   Code   RO         2501    .text.USBD_StdItfReq  usbd_ctlreq.o
    0x0800fcb8   0x0800fcb8   0x00000002   Code   RO          367    .text.USBD_static_free  usbd_conf.o
    0x0800fcba   0x0800fcba   0x00000006   PAD
    0x0800fcc0   0x0800fcc0   0x0000000a   Code   RO          365    .text.USBD_static_malloc  usbd_conf.o
    0x0800fcca   0x0800fcca   0x00000006   PAD
    0x0800fcd0   0x0800fcd0   0x00000086   Code   RO          836    .text.USB_ActivateEndpoint  stm32h7xx_ll_usb.o
    0x0800fd56   0x0800fd56   0x00000002   PAD
    0x0800fd58   0x0800fd58   0x00000020   Code   RO          878    .text.USB_ActivateSetup  stm32h7xx_ll_usb.o
    0x0800fd78   0x0800fd78   0x00000114   Code   RO          814    .text.USB_CoreInit  stm32h7xx_ll_usb.o
    0x0800fe8c   0x0800fe8c   0x00000004   PAD
    0x0800fe90   0x0800fe90   0x0000007a   Code   RO          840    .text.USB_DeactivateEndpoint  stm32h7xx_ll_usb.o
    0x0800ff0a   0x0800ff0a   0x00000006   PAD
    0x0800ff10   0x0800ff10   0x0000001e   Code   RO          860    .text.USB_DevConnect  stm32h7xx_ll_usb.o
    0x0800ff2e   0x0800ff2e   0x00000002   PAD
    0x0800ff30   0x0800ff30   0x0000001e   Code   RO          862    .text.USB_DevDisconnect  stm32h7xx_ll_usb.o
    0x0800ff4e   0x0800ff4e   0x00000002   PAD
    0x0800ff50   0x0800ff50   0x000001e8   Code   RO          826    .text.USB_DevInit   stm32h7xx_ll_usb.o
    0x08010138   0x08010138   0x0000000e   Code   RO          820    .text.USB_DisableGlobalInt  stm32h7xx_ll_usb.o
    0x08010146   0x08010146   0x00000002   PAD
    0x08010148   0x08010148   0x0000005a   Code   RO          880    .text.USB_EP0_OutStart  stm32h7xx_ll_usb.o
    0x080101a2   0x080101a2   0x00000006   PAD
    0x080101a8   0x080101a8   0x00000050   Code   RO          854    .text.USB_EPClearStall  stm32h7xx_ll_usb.o
    0x080101f8   0x080101f8   0x0000003e   Code   RO          852    .text.USB_EPSetStall  stm32h7xx_ll_usb.o
    0x08010236   0x08010236   0x00000002   PAD
    0x08010238   0x08010238   0x000001f4   Code   RO          844    .text.USB_EPStartXfer  stm32h7xx_ll_usb.o
    0x0801042c   0x0801042c   0x00000004   PAD
    0x08010430   0x08010430   0x0000008a   Code   RO          848    .text.USB_EPStopXfer  stm32h7xx_ll_usb.o
    0x080104ba   0x080104ba   0x00000006   PAD
    0x080104c0   0x080104c0   0x0000000e   Code   RO          818    .text.USB_EnableGlobalInt  stm32h7xx_ll_usb.o
    0x080104ce   0x080104ce   0x00000002   PAD
    0x080104d0   0x080104d0   0x00000048   Code   RO          830    .text.USB_FlushTxFifo  stm32h7xx_ll_usb.o
    0x08010518   0x08010518   0x0000001a   Code   RO          834    .text.USB_GetDevSpeed  stm32h7xx_ll_usb.o
    0x08010532   0x08010532   0x00000006   PAD
    0x08010538   0x08010538   0x00000008   Code   RO          824    .text.USB_GetMode   stm32h7xx_ll_usb.o
    0x08010540   0x08010540   0x0000000e   Code   RO          870    .text.USB_ReadDevAllInEpInterrupt  stm32h7xx_ll_usb.o
    0x0801054e   0x0801054e   0x00000002   PAD
    0x08010550   0x08010550   0x0000000e   Code   RO          868    .text.USB_ReadDevAllOutEpInterrupt  stm32h7xx_ll_usb.o
    0x0801055e   0x0801055e   0x00000002   PAD
    0x08010560   0x08010560   0x00000024   Code   RO          874    .text.USB_ReadDevInEPInterrupt  stm32h7xx_ll_usb.o
    0x08010584   0x08010584   0x00000004   PAD
    0x08010588   0x08010588   0x00000010   Code   RO          872    .text.USB_ReadDevOutEPInterrupt  stm32h7xx_ll_usb.o
    0x08010598   0x08010598   0x00000008   Code   RO          864    .text.USB_ReadInterrupts  stm32h7xx_ll_usb.o
    0x080105a0   0x080105a0   0x00000046   Code   RO          850    .text.USB_ReadPacket  stm32h7xx_ll_usb.o
    0x080105e6   0x080105e6   0x00000002   PAD
    0x080105e8   0x080105e8   0x00000064   Code   RO          822    .text.USB_SetCurrentMode  stm32h7xx_ll_usb.o
    0x0801064c   0x0801064c   0x00000004   PAD
    0x08010650   0x08010650   0x00000022   Code   RO          858    .text.USB_SetDevAddress  stm32h7xx_ll_usb.o
    0x08010672   0x08010672   0x00000006   PAD
    0x08010678   0x08010678   0x00000110   Code   RO          816    .text.USB_SetTurnaroundTime  stm32h7xx_ll_usb.o
    0x08010788   0x08010788   0x00000028   Code   RO          846    .text.USB_WritePacket  stm32h7xx_ll_usb.o
    0x080107b0   0x080107b0   0x00000002   Code   RO          170    .text.UsageFault_Handler  stm32h7xx_it.o
    0x080107b2   0x080107b2   0x00000006   PAD
    0x080107b8   0x080107b8   0x00000100   Code   RO         3569    .text.Usb_Process   minipc.o
    0x080108b8   0x080108b8   0x00000024   Code   RO         3640    .text.__NVIC_SystemReset  gimbal_cmd.o
    0x080108dc   0x080108dc   0x00000090   Code   RO         3707    .text.arm_cos_f32   arm_cortexM7lfdp_math.lib(arm_cos_f32.o)
    0x0801096c   0x0801096c   0x000000ba   Code   RO         3725    .text.arm_mat_add_f32  arm_cortexM7lfdp_math.lib(arm_mat_add_f32.o)
    0x08010a26   0x08010a26   0x00000008   Code   RO         3734    .text.arm_mat_init_f32  arm_cortexM7lfdp_math.lib(arm_mat_init_f32.o)
    0x08010a2e   0x08010a2e   0x00000002   PAD
    0x08010a30   0x08010a30   0x000002e0   Code   RO         3742    .text.arm_mat_inverse_f32  arm_cortexM7lfdp_math.lib(arm_mat_inverse_f32.o)
    0x08010d10   0x08010d10   0x00000110   Code   RO         3751    .text.arm_mat_mult_f32  arm_cortexM7lfdp_math.lib(arm_mat_mult_f32.o)
    0x08010e20   0x08010e20   0x000000ba   Code   RO         3760    .text.arm_mat_sub_f32  arm_cortexM7lfdp_math.lib(arm_mat_sub_f32.o)
    0x08010eda   0x08010eda   0x00000002   PAD
    0x08010edc   0x08010edc   0x000000a2   Code   RO         3769    .text.arm_mat_trans_f32  arm_cortexM7lfdp_math.lib(arm_mat_trans_f32.o)
    0x08010f7e   0x08010f7e   0x00000002   PAD
    0x08010f80   0x08010f80   0x0000008c   Code   RO         3716    .text.arm_sin_f32   arm_cortexM7lfdp_math.lib(arm_sin_f32.o)
    0x0801100c   0x0801100c   0x00000004   PAD
    0x08011010   0x08011010   0x00000012   Code   RO         3193    .text.limit         pid.o
    0x08011022   0x08011022   0x00000006   PAD
    0x08011028   0x08011028   0x000000ba   Code   RO           11    .text.main          main.o
    0x080110e2   0x080110e2   0x00000006   PAD
    0x080110e8   0x080110e8   0x0000002a   Code   RO         2955    .text.osKernelInitialize  cmsis_os2.o
    0x08011112   0x08011112   0x00000006   PAD
    0x08011118   0x08011118   0x0000003c   Code   RO         2961    .text.osKernelStart  cmsis_os2.o
    0x08011154   0x08011154   0x00000004   PAD
    0x08011158   0x08011158   0x000000ba   Code   RO         2977    .text.osThreadNew   cmsis_os2.o
    0x08011212   0x08011212   0x00000006   PAD
    0x08011218   0x08011218   0x0000011c   Code   RO         2763    .text.prvAddNewTaskToReadyList  tasks.o
    0x08011334   0x08011334   0x00000004   PAD
    0x08011338   0x08011338   0x0000007c   Code   RO         2898    .text.prvCheckForValidListAndQueue  timers.o
    0x080113b4   0x080113b4   0x00000004   PAD
    0x080113b8   0x080113b8   0x00000096   Code   RO         2795    .text.prvIdleTask   tasks.o
    0x0801144e   0x0801144e   0x00000002   PAD
    0x08011450   0x08011450   0x00000028   Code   RO         3156    .text.prvPortStartFirstTask  port.o
    0x08011478   0x08011478   0x000000e6   Code   RO         2934    .text.prvSampleTimeNow  timers.o
    0x0801155e   0x0801155e   0x00000002   PAD
    0x08011560   0x08011560   0x00000032   Code   RO         3146    .text.prvTaskExitError  port.o
    0x08011592   0x08011592   0x00000006   PAD
    0x08011598   0x08011598   0x000002ba   Code   RO         2900    .text.prvTimerTask  timers.o
    0x08011852   0x08011852   0x00000006   PAD
    0x08011858   0x08011858   0x0000007a   Code   RO         2662    .text.prvUnlockQueue  queue.o
    0x080118d2   0x080118d2   0x00000006   PAD
    0x080118d8   0x080118d8   0x000001a6   Code   RO         3116    .text.pvPortMalloc  heap_4.o
    0x08011a7e   0x08011a7e   0x00000002   PAD
    0x08011a80   0x08011a80   0x0000002c   Code   RO         3144    .text.pxPortInitialiseStack  port.o
    0x08011aac   0x08011aac   0x00000004   PAD
    0x08011ab0   0x08011ab0   0x0000002a   Code   RO         3518    .text.uint_to_float  motor.o
    0x08011ada   0x08011ada   0x00000006   PAD
    0x08011ae0   0x08011ae0   0x000000d2   Code   RO         2853    .text.ulTaskNotifyTake  tasks.o
    0x08011bb2   0x08011bb2   0x00000006   PAD
    0x08011bb8   0x08011bb8   0x0000002a   Code   RO         2626    .text.uxListRemove  list.o
    0x08011be2   0x08011be2   0x00000006   PAD
    0x08011be8   0x08011be8   0x0000001a   Code   RO         3099    .text.vApplicationGetIdleTaskMemory  cmsis_os2.o
    0x08011c02   0x08011c02   0x00000006   PAD
    0x08011c08   0x08011c08   0x0000001c   Code   RO         3101    .text.vApplicationGetTimerTaskMemory  cmsis_os2.o
    0x08011c24   0x08011c24   0x00000004   PAD
    0x08011c28   0x08011c28   0x00000016   Code   RO         2618    .text.vListInitialise  list.o
    0x08011c3e   0x08011c3e   0x00000002   PAD
    0x08011c40   0x08011c40   0x00000006   Code   RO         2620    .text.vListInitialiseItem  list.o
    0x08011c46   0x08011c46   0x00000002   PAD
    0x08011c48   0x08011c48   0x0000003a   Code   RO         2624    .text.vListInsert   list.o
    0x08011c82   0x08011c82   0x00000006   PAD
    0x08011c88   0x08011c88   0x0000001c   Code   RO         2622    .text.vListInsertEnd  list.o
    0x08011ca4   0x08011ca4   0x00000004   PAD
    0x08011ca8   0x08011ca8   0x00000014   Code   RO         3154    .text.vPortEnableVFP  port.o
    0x08011cbc   0x08011cbc   0x00000004   PAD
    0x08011cc0   0x08011cc0   0x0000004a   Code   RO         3160    .text.vPortEnterCritical  port.o
    0x08011d0a   0x08011d0a   0x00000006   PAD
    0x08011d10   0x08011d10   0x0000002e   Code   RO         3162    .text.vPortExitCritical  port.o
    0x08011d3e   0x08011d3e   0x00000002   PAD
    0x08011d40   0x08011d40   0x000000d6   Code   RO         3118    .text.vPortFree     heap_4.o
    0x08011e16   0x08011e16   0x00000002   PAD
    0x08011e18   0x08011e18   0x00000034   Code   RO         3152    .text.vPortSetupTimerInterrupt  port.o
    0x08011e4c   0x08011e4c   0x00000004   PAD
    0x08011e50   0x08011e50   0x00000062   Code   RO         3168    .text.vPortValidateInterruptPriority  port.o
    0x08011eb2   0x08011eb2   0x00000006   PAD
    0x08011eb8   0x08011eb8   0x00000026   Code   RO         2696    .text.vQueueAddToRegistry  queue.o
    0x08011ede   0x08011ede   0x00000002   PAD
    0x08011ee0   0x08011ee0   0x00000046   Code   RO         2700    .text.vQueueWaitForMessageRestricted  queue.o
    0x08011f26   0x08011f26   0x00000002   PAD
    0x08011f28   0x08011f28   0x000000aa   Code   RO         2775    .text.vTaskDelay    tasks.o
    0x08011fd2   0x08011fd2   0x00000006   PAD
    0x08011fd8   0x08011fd8   0x000000ee   Code   RO         2769    .text.vTaskDelayUntil  tasks.o
    0x080120c6   0x080120c6   0x00000002   PAD
    0x080120c8   0x080120c8   0x00000116   Code   RO         2767    .text.vTaskDelete   tasks.o
    0x080121de   0x080121de   0x00000002   PAD
    0x080121e0   0x080121e0   0x0000001a   Code   RO         2825    .text.vTaskInternalSetTimeOutState  tasks.o
    0x080121fa   0x080121fa   0x00000006   PAD
    0x08012200   0x08012200   0x0000000e   Code   RO         2829    .text.vTaskMissedYield  tasks.o
    0x0801220e   0x0801220e   0x00000002   PAD
    0x08012210   0x08012210   0x000000dc   Code   RO         2861    .text.vTaskNotifyGiveFromISR  tasks.o
    0x080122ec   0x080122ec   0x00000004   PAD
    0x080122f0   0x080122f0   0x00000096   Code   RO         2813    .text.vTaskPlaceOnEventList  tasks.o
    0x08012386   0x08012386   0x00000002   PAD
    0x08012388   0x08012388   0x000000a8   Code   RO         2817    .text.vTaskPlaceOnEventListRestricted  tasks.o
    0x08012430   0x08012430   0x000000a4   Code   RO         2793    .text.vTaskStartScheduler  tasks.o
    0x080124d4   0x080124d4   0x00000004   PAD
    0x080124d8   0x080124d8   0x00000010   Code   RO         2771    .text.vTaskSuspendAll  tasks.o
    0x080124e8   0x080124e8   0x00000092   Code   RO         2787    .text.vTaskSwitchContext  tasks.o
    0x0801257a   0x0801257a   0x00000006   PAD
    0x08012580   0x08012580   0x0000012e   Code   RO         3150    .text.xPortStartScheduler  port.o
    0x080126ae   0x080126ae   0x00000002   PAD
    0x080126b0   0x080126b0   0x0000002e   Code   RO         3166    .text.xPortSysTickHandler  port.o
    0x080126de   0x080126de   0x00000002   PAD
    0x080126e0   0x080126e0   0x000000da   Code   RO         2638    .text.xQueueGenericCreateStatic  queue.o
    0x080127ba   0x080127ba   0x00000006   PAD
    0x080127c0   0x080127c0   0x00000214   Code   RO         2652    .text.xQueueGenericSend  queue.o
    0x080129d4   0x080129d4   0x00000004   PAD
    0x080129d8   0x080129d8   0x000001a8   Code   RO         2668    .text.xQueueReceive  queue.o
    0x08012b80   0x08012b80   0x0000008c   Code   RO         2827    .text.xTaskCheckForTimeOut  tasks.o
    0x08012c0c   0x08012c0c   0x00000004   PAD
    0x08012c10   0x08012c10   0x000000de   Code   RO         2765    .text.xTaskCreate   tasks.o
    0x08012cee   0x08012cee   0x00000002   PAD
    0x08012cf0   0x08012cf0   0x000000ee   Code   RO         2761    .text.xTaskCreateStatic  tasks.o
    0x08012dde   0x08012dde   0x00000002   PAD
    0x08012de0   0x08012de0   0x00000024   Code   RO         2841    .text.xTaskGetSchedulerState  tasks.o
    0x08012e04   0x08012e04   0x00000004   PAD
    0x08012e08   0x08012e08   0x0000000c   Code   RO         2801    .text.xTaskGetTickCount  tasks.o
    0x08012e14   0x08012e14   0x00000004   PAD
    0x08012e18   0x08012e18   0x0000016e   Code   RO         2799    .text.xTaskIncrementTick  tasks.o
    0x08012f86   0x08012f86   0x00000002   PAD
    0x08012f88   0x08012f88   0x00000096   Code   RO         2845    .text.xTaskPriorityDisinherit  tasks.o
    0x0801301e   0x0801301e   0x00000002   PAD
    0x08013020   0x08013020   0x0000008e   Code   RO         2819    .text.xTaskRemoveFromEventList  tasks.o
    0x080130ae   0x080130ae   0x00000002   PAD
    0x080130b0   0x080130b0   0x00000134   Code   RO         2773    .text.xTaskResumeAll  tasks.o
    0x080131e4   0x080131e4   0x00000004   PAD
    0x080131e8   0x080131e8   0x00000074   Code   RO         2896    .text.xTimerCreateTimerTask  timers.o
    0x0801325c   0x0801325c   0x00000026   Code   RO         3968    i.__ARM_fpclassifyf  m_wv.l(fpclassifyf.o)
    0x08013282   0x08013282   0x00000002   PAD
    0x08013284   0x08013284   0x00000118   Code   RO         3919    i.__hardfp_acosf    m_wv.l(acosf.o)
    0x0801339c   0x0801339c   0x0000012c   Code   RO         3925    i.__hardfp_asinf    m_wv.l(asinf.o)
    0x080134c8   0x080134c8   0x000002ac   Code   RO         3931    i.__hardfp_atan2f   m_wv.l(atan2f.o)
    0x08013774   0x08013774   0x00000006   Code   RO         3971    i.__mathlib_flt_infnan  m_wv.l(funder.o)
    0x0801377a   0x0801377a   0x00000006   Code   RO         3972    i.__mathlib_flt_infnan2  m_wv.l(funder.o)
    0x08013780   0x08013780   0x00000010   Code   RO         3973    i.__mathlib_flt_invalid  m_wv.l(funder.o)
    0x08013790   0x08013790   0x00000010   Code   RO         3976    i.__mathlib_flt_underflow  m_wv.l(funder.o)
    0x080137a0   0x080137a0   0x0000003e   Code   RO         3994    i.sqrtf             m_wv.l(sqrtf.o)
    0x080137de   0x080137de   0x0000001a   Code   RO         4119    x$fpl$fpinit        fz_wv.l(fpinit.o)
    0x080137f8   0x080137f8   0x00000000   Code   RO         3950    x$fpl$usenofp       fz_wv.l(usenofp.o)
    0x080137f8   0x080137f8   0x0000004c   Data   RO         2112    .rodata..L__const.HAL_FDCAN_Init.CvtEltSize  stm32h7xx_hal_fdcan.o
    0x08013844   0x08013844   0x00000006   Data   RO         2373    .rodata..Lswitch.table.UART_SetConfig.7  stm32h7xx_hal_uart.o
    0x0801384a   0x0801384a   0x00000006   Data   RO         2374    .rodata..Lswitch.table.UART_SetConfig.9  stm32h7xx_hal_uart.o
    0x08013850   0x08013850   0x00000012   Data   RO         3553    .rodata.Accel_Register_ConfigurationData_ErrorStatus  bmi088driver.o
    0x08013862   0x08013862   0x00000010   Data   RO         2432    .rodata.D1CorePrescTable  system_stm32h7xx.o
    0x08013872   0x08013872   0x00000012   Data   RO         3554    .rodata.Gyro_Register_ConfigurationData_ErrorStatus  bmi088driver.o
    0x08013884   0x08013884   0x00000018   Data   RO         2372    .rodata.UARTPrescTable  stm32h7xx_hal_uart.o
    0x0801389c   0x0801389c   0x00000010   Data   RO         2113    .rodata.cst16       stm32h7xx_hal_fdcan.o
    0x080138ac   0x080138ac   0x00000010   Data   RO         2415    .rodata.cst8        stm32h7xx_hal_uart_ex.o
    0x080138bc   0x080138bc   0x00000024   Data   RO           44    .rodata.defaultTask_ini_attributes  freertos.o
    0x080138e0   0x080138e0   0x00000804   Data   RO         3890    .rodata.sinTable_f32  arm_cortexM7lfdp_math.lib(arm_common_tables.o)
    0x080140e4   0x080140e4   0x00000010   Data   RO           43    .rodata.str1.1      freertos.o
    0x080140f4   0x080140f4   0x00000020   Data   RO         4180    Region$$Table       anon$$obj.o


    Execution Region RW_IRAM1 (Exec base: 0x20000000, Load base: 0x08014114, Size: 0x00000000, Max: 0x00020000, ABSOLUTE)

    **** No section assigned to this execution region ****


    Execution Region RW_IRAM2 (Exec base: 0x24000000, Load base: 0x08014118, Size: 0x0000e1a0, Max: 0x00050000, ABSOLUTE, COMPRESSED[0x000001c8])

    Exec Addr    Load Addr    Size         Type   Attr      Idx    E Section Name        Object

    0x24000000   COMPRESSED   0x00000048   Data   RW         3598    .data.Chassis_Rotate_PID  gimbal.o
    0x24000048   COMPRESSED   0x00000048   Data   RW         3597    .data.Chassis_Rotate_PIDS  gimbal.o
    0x24000090   COMPRESSED   0x0000000c   Data   RW         3460    .data.DR16_config   remote.o
    0x2400009c   COMPRESSED   0x00000048   Data   RW         3617    .data.Fric_Wheel1_Speed_PID  shoot.o
    0x240000e4   COMPRESSED   0x00000048   Data   RW         3618    .data.Fric_Wheel2_Speed_PID  shoot.o
    0x2400012c   COMPRESSED   0x00000048   Data   RW         3619    .data.Fric_Wheel3_Speed_PID  shoot.o
    0x24000174   COMPRESSED   0x00000048   Data   RW         3620    .data.Fric_Wheel4_Speed_PID  shoot.o
    0x240001bc   COMPRESSED   0x00000030   Data   RW         3594    .data.GimbalYaw_FF  gimbal.o
    0x240001ec   COMPRESSED   0x00000020   Data   RW          272    .data.HS_Desc       usbd_desc.o
    0x2400020c   COMPRESSED   0x00000090   Data   RW         3599    .data.Pitch_Pos_PID  gimbal.o
    0x2400029c   COMPRESSED   0x00000090   Data   RW         3593    .data.Pitch_Speed_PID  gimbal.o
    0x2400032c   COMPRESSED   0x00000048   Data   RW         3621    .data.Pluck_Place_PID  shoot.o
    0x24000374   COMPRESSED   0x00000048   Data   RW         3622    .data.Pluck_Speed_PID  shoot.o
    0x240003bc   COMPRESSED   0x00000004   Data   RW         2430    .data.SystemCoreClock  system_stm32h7xx.o
    0x240003c0   COMPRESSED   0x00000004   Data   RW         2431    .data.SystemD2Clock  system_stm32h7xx.o
    0x240003c4   COMPRESSED   0x0000000c   Data   RW         3697    .data.Task_Ins.INS_LPF2p_Alpha  task_data.o
    0x240003d0   COMPRESSED   0x00000090   Data   RW         3696    .data.Task_Ins.QuaternionEKF_A_Data  task_data.o
    0x24000460   COMPRESSED   0x00000090   Data   RW         3698    .data.Task_Ins.QuaternionEKF_P_Data  task_data.o
    0x240004f0   COMPRESSED   0x00000038   Data   RW         2570    .data.USBD_CDC      usbd_cdc.o
    0x24000528   COMPRESSED   0x00000043   Data   RW         2572    .data.USBD_CDC_CfgDesc  usbd_cdc.o
    0x2400056b   COMPRESSED   0x00000001   PAD
    0x2400056c   COMPRESSED   0x0000000a   Data   RW         2571    .data.USBD_CDC_DeviceQualifierDesc  usbd_cdc.o
    0x24000576   COMPRESSED   0x00000002   PAD
    0x24000578   COMPRESSED   0x00000012   Data   RW          273    .data.USBD_HS_DeviceDesc  usbd_desc.o
    0x2400058a   COMPRESSED   0x00000002   PAD
    0x2400058c   COMPRESSED   0x00000014   Data   RW          298    .data.USBD_Interface_fops_HS  usbd_cdc_if.o
    0x240005a0   COMPRESSED   0x00000004   Data   RW          275    .data.USBD_LangIDDesc  usbd_desc.o
    0x240005a4   COMPRESSED   0x0000001a   Data   RW          276    .data.USBD_StringSerial  usbd_desc.o
    0x240005be   COMPRESSED   0x00000002   PAD
    0x240005c0   COMPRESSED   0x00000090   Data   RW         3596    .data.Yaw_Pos_PID   gimbal.o
    0x24000650   COMPRESSED   0x00000090   Data   RW         3592    .data.Yaw_Speed_PID  gimbal.o
    0x240006e0   COMPRESSED   0x00000001   Data   RW         1528    .data.uwTickFreq    stm32h7xx_hal.o
    0x240006e1   COMPRESSED   0x00000003   PAD
    0x240006e4   COMPRESSED   0x00000004   Data   RW         1527    .data.uwTickPrio    stm32h7xx_hal.o
    0x240006e8   COMPRESSED   0x00000004   Data   RW         3172    .data.uxCriticalNesting  port.o
    0x240006ec   COMPRESSED   0x00000004   PAD
    0x240006f0        -       0x00000060   Zero   RW         4031    .bss                c_w.l(libspace.o)
    0x24000750        -       0x00000040   Zero   RW         3551    .bss.BMI088_Info    bmi088driver.o
    0x24000790        -       0x00000004   Zero   RW         3328    .bss.CPU_FREQ_HZ    bsp_dwt.o
    0x24000794        -       0x00000004   Zero   RW         3330    .bss.CPU_FREQ_HZ_MS  bsp_dwt.o
    0x24000798        -       0x00000004   Zero   RW         3329    .bss.CPU_FREQ_HZ_US  bsp_dwt.o
    0x2400079c        -       0x00000004   Zero   RW         3331    .bss.CYCCNT_LAST    bsp_dwt.o
    0x240007a0        -       0x00000004   Zero   RW         3332    .bss.CYCCNT_ROUND   bsp_dwt.o
    0x240007a4        -       0x00000001   Zero   RW         3595    .bss.Chassis_Follow_Calc.strat_time  gimbal.o
    0x240007a5   COMPRESSED   0x00000003   PAD
    0x240007a8        -       0x00000004   Zero   RW         3652    .bss.Cmd_To_Chassis.cos_theta  gimbal_cmd.o
    0x240007ac        -       0x00000004   Zero   RW         3651    .bss.Cmd_To_Chassis.sin_theta  gimbal_cmd.o
    0x240007b0        -       0x00000001   Zero   RW         3482    .bss.DJI_idx        djimotor.o
    0x240007b1        -       0x00000001   Zero   RW         3508    .bss.DM_idx         dmmotor.o
    0x240007b2   COMPRESSED   0x00000002   PAD
    0x240007b4        -       0x00000074   Zero   RW         3459    .bss.DR16_instance  remote.o
    0x24000828        -       0x00000002   Zero   RW         3461    .bss.Dealwith_Data.l_press_time  remote.o
    0x2400082a        -       0x00000002   Zero   RW         3462    .bss.Dealwith_Data.r_press_time  remote.o
    0x2400082c        -       0x00000008   Zero   RW         3649    .bss.Gimabl_To_Chassis_Action  gimbal_cmd.o
    0x24000834        -       0x00000008   Zero   RW         3648    .bss.Gimbal_To_Chassis  gimbal_cmd.o
    0x2400083c        -       0x00000004   Zero   RW          107    .bss.HAL_RCC_FDCAN_CLK_ENABLED  fdcan.o
    0x24000840        -       0x0000004c   Zero   RW         3552    .bss.INS_Info       bmi088driver.o
    0x2400088c        -       0x00000002   Zero   RW         3650    .bss.Jam_Check.stuck_time  gimbal_cmd.o
    0x2400088e        -       0x00000001   Zero   RW         3625    .bss.Jam_Handle.jam_state  shoot.o
    0x2400088f   COMPRESSED   0x00000001   PAD
    0x24000890        -       0x00000004   Zero   RW         3626    .bss.Jam_Handle.target_angle  shoot.o
    0x24000894        -       0x00000002   Zero   RW         3627    .bss.Jam_Handle.timer  shoot.o
    0x24000896   COMPRESSED   0x00000002   PAD
    0x24000898        -       0x00000004   Zero   RW         3103    .bss.KernelState    cmsis_os2.o
    0x2400089c        -       0x00000070   Zero   RW         3573    .bss.MiniPC_instance  minipc.o
    0x2400090c        -       0x000001a4   Zero   RW         3223    .bss.Quaternion_Info  quaternion.o
    0x24000ab0        -       0x00000001   Zero   RW         3624    .bss.Single_Fire.fire_state  shoot.o
    0x24000ab1   COMPRESSED   0x00000003   PAD
    0x24000ab4        -       0x00000004   Zero   RW         3623    .bss.Single_Fire.target_angle  shoot.o
    0x24000ab8        -       0x00000004   Zero   RW         3675    .bss.Task_Alive_Handle  task_init.o
    0x24000abc        -       0x00000004   Zero   RW         3673    .bss.Task_Can_Handle  task_init.o
    0x24000ac0        -       0x00000004   Zero   RW         3672    .bss.Task_Ins_Handle  task_init.o
    0x24000ac4        -       0x00000004   Zero   RW         3676    .bss.Task_Minipc_Handle  task_init.o
    0x24000ac8        -       0x00000004   Zero   RW         3677    .bss.Task_Robot_Control_Handle  task_init.o
    0x24000acc        -       0x00000004   Zero   RW         3674    .bss.Task_Usart_Handle  task_init.o
    0x24000ad0        -       0x00000004   Zero   RW         3671    .bss.Task_Usb_Handle  task_init.o
    0x24000ad4        -       0x00000001   Zero   RW         2509    .bss.USBD_SetConfig.cfgidx  usbd_ctlreq.o
    0x24000ad5   COMPRESSED   0x00000003   PAD
    0x24000ad8        -       0x00000200   Zero   RW          277    .bss.USBD_StrDesc   usbd_desc.o
    0x24000cd8        -       0x00000220   Zero   RW          372    .bss.USBD_static_malloc.mem  usbd_conf.o
    0x24000ef8        -       0x00000800   Zero   RW          299    .bss.UserRxBufferHS  usbd_cdc_if.o
    0x240016f8        -       0x00000800   Zero   RW          300    .bss.UserTxBufferHS  usbd_cdc_if.o
    0x24001ef8        -       0x00000002   Zero   RW         3574    .bss.buffer_len     minipc.o
    0x24001efa   COMPRESSED   0x00000002   PAD
    0x24001efc        -       0x00000004   Zero   RW         3645    .bss.can_comm2      gimbal_cmd.o
    0x24001f00        -       0x00000014   Zero   RW         3538    .bss.can_comm_instance  can_comm.o
    0x24001f14        -       0x00000004   Zero   RW         3364    .bss.can_error      bsp_fdcan.o
    0x24001f18        -       0x00000001   Zero   RW         3359    .bss.can_idx        bsp_fdcan.o
    0x24001f19   COMPRESSED   0x00000003   PAD
    0x24001f1c        -       0x00000264   Zero   RW         3360    .bss.can_instance   bsp_fdcan.o
    0x24002180        -       0x0000021c   Zero   RW         3363    .bss.can_port       bsp_fdcan.o
    0x2400239c        -       0x00000004   Zero   RW           45    .bss.defaultTask_iniHandle  freertos.o
    0x240023a0        -       0x000000f0   Zero   RW         3483    .bss.dji_motor_instance  djimotor.o
    0x24002490        -       0x000000b8   Zero   RW         3509    .bss.dm_motor_instance  dmmotor.o
    0x24002548        -       0x00000001   Zero   RW         3365    .bss.fdcan1_idx     bsp_fdcan.o
    0x24002549        -       0x00000001   Zero   RW         3366    .bss.fdcan2_idx     bsp_fdcan.o
    0x2400254a        -       0x00000001   Zero   RW         3367    .bss.fdcan3_idx     bsp_fdcan.o
    0x2400254b   COMPRESSED   0x00000001   PAD
    0x2400254c        -       0x00000008   Zero   RW         3591    .bss.gimbal         gimbal.o
    0x24002554        -       0x000002dc   Zero   RW          249    .bss.hUsbDeviceHS   usb_device.o
    0x24002830        -       0x00000070   Zero   RW           60    .bss.hadc1          adc.o
    0x240028a0        -       0x00000028   Zero   RW           76    .bss.hcordic        cordic.o
    0x240028c8        -       0x00000078   Zero   RW           61    .bss.hdma_adc1      adc.o
    0x24002940        -       0x00000078   Zero   RW          126    .bss.hdma_spi2_rx   spi.o
    0x240029b8        -       0x00000078   Zero   RW          127    .bss.hdma_spi2_tx   spi.o
    0x24002a30        -       0x00000078   Zero   RW          149    .bss.hdma_uart5_rx  usart.o
    0x24002aa8        -       0x00000078   Zero   RW          150    .bss.hdma_uart7_rx  usart.o
    0x24002b20        -       0x00000078   Zero   RW          151    .bss.hdma_uart7_tx  usart.o
    0x24002b98        -       0x00000078   Zero   RW          152    .bss.hdma_usart1_rx  usart.o
    0x24002c10        -       0x00000078   Zero   RW          153    .bss.hdma_usart1_tx  usart.o
    0x24002c88        -       0x000000a0   Zero   RW          104    .bss.hfdcan1        fdcan.o
    0x24002d28        -       0x000000a0   Zero   RW          105    .bss.hfdcan2        fdcan.o
    0x24002dc8        -       0x000000a0   Zero   RW          106    .bss.hfdcan3        fdcan.o
    0x24002e68        -       0x000004e4   Zero   RW          371    .bss.hpcd_USB_OTG_HS  usbd_conf.o
    0x2400334c        -       0x00000088   Zero   RW          124    .bss.hspi2          spi.o
    0x240033d4        -       0x00000088   Zero   RW          125    .bss.hspi6          spi.o
    0x2400345c        -       0x0000004c   Zero   RW          238    .bss.htim14         stm32h7xx_hal_timebase_tim.o
    0x240034a8        -       0x00000094   Zero   RW          148    .bss.huart1         usart.o
    0x2400353c        -       0x00000094   Zero   RW          146    .bss.huart5         usart.o
    0x240035d0        -       0x00000094   Zero   RW          147    .bss.huart7         usart.o
    0x24003664        -       0x00000004   Zero   RW         3368    .bss.lost_data_count  bsp_fdcan.o
    0x24003668        -       0x00000004   Zero   RW         3422    .bss.lost_data_count  bsp_usart.o
    0x2400366c        -       0x00000001   Zero   RW         3361    .bss.port_head      bsp_fdcan.o
    0x2400366d        -       0x00000001   Zero   RW         3419    .bss.port_head      bsp_usart.o
    0x2400366e        -       0x00000001   Zero   RW         3362    .bss.port_tail      bsp_fdcan.o
    0x2400366f        -       0x00000001   Zero   RW         3420    .bss.port_tail      bsp_usart.o
    0x24003670        -       0x000000a0   Zero   RW         2944    .bss.prvCheckForValidListAndQueue.ucStaticTimerQueueStorage  timers.o
    0x24003710        -       0x00000050   Zero   RW         2943    .bss.prvCheckForValidListAndQueue.xStaticTimerQueue  timers.o
    0x24003760        -       0x00000004   Zero   RW         2940    .bss.prvSampleTimeNow.xLastTime  timers.o
    0x24003764        -       0x00000004   Zero   RW         2867    .bss.pxCurrentTCB   tasks.o
    0x24003768        -       0x00000004   Zero   RW         2938    .bss.pxCurrentTimerList  timers.o
    0x2400376c        -       0x00000004   Zero   RW         2875    .bss.pxDelayedTaskList  tasks.o
    0x24003770        -       0x00000004   Zero   RW         3128    .bss.pxEnd          heap_4.o
    0x24003774        -       0x00000004   Zero   RW         2876    .bss.pxOverflowDelayedTaskList  tasks.o
    0x24003778        -       0x00000004   Zero   RW         2939    .bss.pxOverflowTimerList  timers.o
    0x2400377c        -       0x00000460   Zero   RW         2878    .bss.pxReadyTasksLists  tasks.o
    0x24003bdc        -       0x00000050   Zero   RW         3576    .bss.remain_buf     minipc.o
    0x24003c2c        -       0x00000002   Zero   RW         3575    .bss.remain_len     minipc.o
    0x24003c2e   COMPRESSED   0x00000002   PAD
    0x24003c30        -       0x00000028   Zero   RW         3647    .bss.robot_cmd      gimbal_cmd.o
    0x24003c58        -       0x00000001   Zero   RW         3646    .bss.robot_state    gimbal_cmd.o
    0x24003c59   COMPRESSED   0x00000003   PAD
    0x24003c5c        -       0x00000018   Zero   RW         3616    .bss.shoot          shoot.o
    0x24003c74        -       0x0000001c   Zero   RW         3644    .bss.slope_Omega    gimbal_cmd.o
    0x24003c90        -       0x0000001c   Zero   RW         3642    .bss.slope_X        gimbal_cmd.o
    0x24003cac        -       0x0000001c   Zero   RW         3643    .bss.slope_Y        gimbal_cmd.o
    0x24003cc8        -       0x00000001   Zero   RW         3417    .bss.uart_idx       bsp_usart.o
    0x24003cc9   COMPRESSED   0x00000003   PAD
    0x24003ccc        -       0x00000048   Zero   RW         3421    .bss.uart_port      bsp_usart.o
    0x24003d14        -       0x00003c00   Zero   RW         3135    .bss.ucHeap         heap_4.o
    0x24007914        -       0x00000001   Zero   RW         3170    .bss.ucMaxSysCallPriority  port.o
    0x24007915   COMPRESSED   0x00000003   PAD
    0x24007918        -       0x00000004   Zero   RW         3171    .bss.ulMaxPRIGROUPValue  port.o
    0x2400791c        -       0x000000a8   Zero   RW         3418    .bss.usart_instance  bsp_usart.o
    0x240079c4        -       0x00000004   Zero   RW         1529    .bss.uwTick         stm32h7xx_hal.o
    0x240079c8        -       0x00000004   Zero   RW         2871    .bss.uxCurrentNumberOfTasks  tasks.o
    0x240079cc        -       0x00000004   Zero   RW         2870    .bss.uxDeletedTasksWaitingCleanUp  tasks.o
    0x240079d0        -       0x00000004   Zero   RW         2873    .bss.uxSchedulerSuspended  tasks.o
    0x240079d4        -       0x00000004   Zero   RW         2868    .bss.uxTaskNumber   tasks.o
    0x240079d8        -       0x00000004   Zero   RW         2879    .bss.uxTopReadyPriority  tasks.o
    0x240079dc        -       0x00000200   Zero   RW         3105    .bss.vApplicationGetIdleTaskMemory.Idle_Stack  cmsis_os2.o
    0x24007bdc        -       0x0000005c   Zero   RW         3104    .bss.vApplicationGetIdleTaskMemory.Idle_TCB  cmsis_os2.o
    0x24007c38        -       0x00000400   Zero   RW         3107    .bss.vApplicationGetTimerTaskMemory.Timer_Stack  cmsis_os2.o
    0x24008038        -       0x0000005c   Zero   RW         3106    .bss.vApplicationGetTimerTaskMemory.Timer_TCB  cmsis_os2.o
    0x24008094        -       0x00000014   Zero   RW         2941    .bss.xActiveTimerList1  timers.o
    0x240080a8        -       0x00000014   Zero   RW         2942    .bss.xActiveTimerList2  timers.o
    0x240080bc        -       0x00000001   Zero   RW         3129    .bss.xBlockAllocatedBit  heap_4.o
    0x240080bd   COMPRESSED   0x00000003   PAD
    0x240080c0        -       0x00000014   Zero   RW         2886    .bss.xDelayedTaskList1  tasks.o
    0x240080d4        -       0x00000014   Zero   RW         2887    .bss.xDelayedTaskList2  tasks.o
    0x240080e8        -       0x00000004   Zero   RW         3130    .bss.xFreeBytesRemaining  heap_4.o
    0x240080ec        -       0x00000004   Zero   RW         2881    .bss.xIdleTaskHandle  tasks.o
    0x240080f0        -       0x00000004   Zero   RW         3132    .bss.xMinimumEverFreeBytesRemaining  heap_4.o
    0x240080f4        -       0x00000004   Zero   RW         2882    .bss.xNextTaskUnblockTime  tasks.o
    0x240080f8        -       0x00000004   Zero   RW         2885    .bss.xNumOfOverflows  tasks.o
    0x240080fc        -       0x00000004   Zero   RW         3133    .bss.xNumberOfSuccessfulAllocations  heap_4.o
    0x24008100        -       0x00000004   Zero   RW         3134    .bss.xNumberOfSuccessfulFrees  heap_4.o
    0x24008104        -       0x00000004   Zero   RW         2884    .bss.xPendedTicks   tasks.o
    0x24008108        -       0x00000014   Zero   RW         2880    .bss.xPendingReadyList  tasks.o
    0x2400811c        -       0x00000040   Zero   RW         2702    .bss.xQueueRegistry  queue.o
    0x2400815c        -       0x00000004   Zero   RW         2872    .bss.xSchedulerRunning  tasks.o
    0x24008160        -       0x00000008   Zero   RW         3131    .bss.xStart         heap_4.o
    0x24008168        -       0x00000014   Zero   RW         2877    .bss.xSuspendedTaskList  tasks.o
    0x2400817c        -       0x00000014   Zero   RW         2869    .bss.xTasksWaitingTermination  tasks.o
    0x24008190        -       0x00000004   Zero   RW         2874    .bss.xTickCount     tasks.o
    0x24008194        -       0x00000004   Zero   RW         2936    .bss.xTimerQueue    timers.o
    0x24008198        -       0x00000004   Zero   RW         2937    .bss.xTimerTaskHandle  timers.o
    0x2400819c        -       0x00000004   Zero   RW         2883    .bss.xYieldPending  tasks.o
    0x240081a0        -       0x00002000   Zero   RW            2    HEAP                startup_stm32h723xx.o
    0x2400a1a0        -       0x00004000   Zero   RW            1    STACK               startup_stm32h723xx.o


==============================================================================

Image component sizes


      Code (inc. data)   RO Data    RW Data    ZI Data      Debug   Object Name

       386          0          0          0        232       9147   adc.o
       964          8         36          0        140       4992   bmi088driver.o
       322          0          0          0         20       3809   bsp_dwt.o
      1114          0          0          0       1166       8971   bsp_fdcan.o
        64          0          0          0          0       1447   bsp_gpio.o
        52          0          0          0          0       4242   bsp_spi.o
      1522         16          0          0        247      11045   bsp_usart.o
        32          0          0          0         20       5659   can_comm.o
       372          0          0          0       1724      44370   cmsis_os2.o
        86          0          0          0         40       5038   cordic.o
       536         20          0          0        241       7557   djimotor.o
       182          0          0          0          0       5419   dma.o
       752         28          0          0        185       9859   dmmotor.o
       796          0          0          0        484      12341   fdcan.o
        36          0         52          0          4       2854   freertos.o
      1380        166          0        768          9       9754   gimbal.o
      1452         80          0          0        155      10841   gimbal_cmd.o
       470          0          0          0          0       6204   gpio.o
       636          0          0          0      15389       5195   heap_4.o
      1592          0          0          0          0       5099   kalman_filter.o
       156          0          0          0          0       2196   list.o
        96          0          0          0          0       1610   lpf.o
       398          0          0          0          0       9476   main.o
       398          0          0          0        196       3699   minipc.o
        42          0          0          0          0       1555   motor.o
       754         12          0          0          0       3923   pid.o
       908         16          0          4          5       4094   port.o
      2498         40          0          0        420       7705   quaternion.o
      1404          0          0          0         64      25680   queue.o
       944          8          0         12        120       8703   remote.o
       240          0          0          0          0       2784   rmqueue.o
      1456        134          0        432         36       9295   shoot.o
       178          4          0          0          0       1769   slope.o
       716          0          0          0        512      12108   spi.o
        72         30        716          0      24576        824   startup_stm32h723xx.o
       198          0          0          5          4      15878   stm32h7xx_hal.o
      2450         12          0          0          0      28446   stm32h7xx_hal_adc.o
       258          0          0          0          0      28277   stm32h7xx_hal_adc_ex.o
        56          0          0          0          0      10051   stm32h7xx_hal_cordic.o
       156          0          0          0          0      12391   stm32h7xx_hal_cortex.o
      8138         54          0          0          0      17942   stm32h7xx_hal_dma.o
      3024          0         92          0          0      41983   stm32h7xx_hal_fdcan.o
       450          0          0          0          0       6954   stm32h7xx_hal_gpio.o
        42          0          0          0          0       5411   stm32h7xx_hal_msp.o
      2852          0          0          0          0      16259   stm32h7xx_hal_pcd.o
       126          0          0          0          0       6067   stm32h7xx_hal_pcd_ex.o
        90          0          0          0          0       9610   stm32h7xx_hal_pwr_ex.o
      2704         24          0          0          0      11440   stm32h7xx_hal_rcc.o
      4724        210          0          0          0      17822   stm32h7xx_hal_rcc_ex.o
      2224          0          0          0          0      21835   stm32h7xx_hal_spi.o
      1012          0          0          0          0      67385   stm32h7xx_hal_tim.o
         6          0          0          0          0      27116   stm32h7xx_hal_tim_ex.o
       168          0          0          0         76       9681   stm32h7xx_hal_timebase_tim.o
      5786        300         36          0          0      37797   stm32h7xx_hal_uart.o
       442          0         16          0          0      11100   stm32h7xx_hal_uart_ex.o
       274          0          0          0          0      15105   stm32h7xx_it.o
      2720          0          0          0          0      27710   stm32h7xx_ll_usb.o
       236          0         16          8          0       5601   system_stm32h7xx.o
       606         24          0        300          0       3273   task_data.o
        20          0          0          0          0        414   task_gimbal.o
       356         92          0          0         28       1170   task_init.o
      3848          8          0          0       1280      39910   tasks.o
      1168         26          0          0        300      17362   timers.o
      1194          0          0          0       1044      12508   usart.o
       108          0          0          0        732       3252   usb_device.o
      1186         12          0        133          0      11923   usbd_cdc.o
       212          0          0         20       4096       5347   usbd_cdc_if.o
       752          0          0          0       1796      22146   usbd_conf.o
       894          0          0          0          0      10959   usbd_core.o
      1480         32          0          0          1      10870   usbd_ctlreq.o
       312         60          0         80        512       3891   usbd_desc.o
       132          0          0          0          0       4719   usbd_ioreq.o

    ----------------------------------------------------------------------
     74872       1488        996       1772      55892     868869   Object Totals
         0          0         32          0          0          0   (incl. Generated)
      1462         72          0         10         38          0   (incl. Padding)

    ----------------------------------------------------------------------

      Code (inc. data)   RO Data    RW Data    ZI Data      Debug   Library Member Name

         0          0       2052          0          0       6294   arm_common_tables.o
       144         12          0          0          0       1112   arm_cos_f32.o
       186          0          0          0          0       1803   arm_mat_add_f32.o
         8          0          0          0          0        841   arm_mat_init_f32.o
       736          4          0          0          0       3724   arm_mat_inverse_f32.o
       272          4          0          0          0       2305   arm_mat_mult_f32.o
       186          0          0          0          0       1801   arm_mat_sub_f32.o
       162          0          0          0          0       1862   arm_mat_trans_f32.o
       140         12          0          0          0       1099   arm_sin_f32.o
        90          0          0          0          0          0   __dczerorl2.o
         8          0          0          0          0         68   __main.o
         0          0          0          0          0          0   __rtentry.o
        12          0          0          0          0          0   __rtentry2.o
         6          0          0          0          0          0   __rtentry4.o
        94          8          0          0          0          0   __scatter.o
        28          0          0          0          0          0   __scatter_zi.o
        22          0          0          0          0        100   _rserrno.o
        16          0          0          0          0         68   aeabi_memset4.o
        18          0          0          0          0         80   exit.o
         6          0          0          0          0        152   heapauxi.o
         0          0          0          0          0          0   indicate_semi.o
         2          0          0          0          0          0   libinit.o
         6          0          0          0          0          0   libinit2.o
         2          0          0          0          0          0   libshutdown.o
         2          0          0          0          0          0   libshutdown2.o
         8          4          0          0         96         68   libspace.o
       240          0          0          0          0        100   lludivv7m.o
         8          4          0          0          0         68   rt_errno_addr_intlibspace.o
        78          0          0          0          0         80   rt_memclr_w.o
       138          0          0          0          0         68   rt_memcpy_v6.o
       100          0          0          0          0         80   rt_memcpy_w.o
         2          0          0          0          0          0   rtexit.o
        10          0          0          0          0          0   rtexit2.o
        12          4          0          0          0         68   sys_exit.o
        74          0          0          0          0         80   sys_stackheap_outer.o
         2          0          0          0          0         68   use_no_semi.o
        26          0          0          0          0        116   fpinit.o
         0          0          0          0          0          0   usenofp.o
       280         46          0          0          0        176   acosf.o
       300         42          0          0          0        176   asinf.o
       684         90          0          0          0        208   atan2f.o
        38          0          0          0          0        116   fpclassifyf.o
        44         12          0          0          0        464   funder.o
        62          0          0          0          0        136   sqrtf.o

    ----------------------------------------------------------------------
      4276        246       2052          0         96      23381   Library Totals
        24          4          0          0          0          0   (incl. Padding)

    ----------------------------------------------------------------------

      Code (inc. data)   RO Data    RW Data    ZI Data      Debug   Library Name

      1834         32       2052          0          0      20841   arm_cortexM7lfdp_math.lib
       984         20          0          0         96       1148   c_w.l
        26          0          0          0          0        116   fz_wv.l
      1408        190          0          0          0       1276   m_wv.l

    ----------------------------------------------------------------------
      4276        246       2052          0         96      23381   Library Totals

    ----------------------------------------------------------------------

==============================================================================


      Code (inc. data)   RO Data    RW Data    ZI Data      Debug   

     79148       1734       3048       1772      55988     889486   Grand Totals
     79148       1734       3048        456      55988     889486   ELF Image Totals (compressed)
     79148       1734       3048        456          0          0   ROM Totals

==============================================================================

    Total RO  Size (Code + RO Data)                82196 (  80.27kB)
    Total RW  Size (RW Data + ZI Data)             57760 (  56.41kB)
    Total ROM Size (Code + RO Data + RW Data)      82652 (  80.71kB)

==============================================================================

